Archive member included because of file (symbol)

c:/program files/gnu tools arm embedded/4.8 2013q4/bin/../lib/gcc/arm-none-eabi/4.8.3/../../../../arm-none-eabi/lib/armv7e-m/fpu\libm.a(lib_a-sf_fabs.o)
                              ./Synth/chorusFD.o (symbol from plugin) (fabsf)
c:/program files/gnu tools arm embedded/4.8 2013q4/bin/../lib/gcc/arm-none-eabi/4.8.3/../../../../arm-none-eabi/lib/armv7e-m/fpu\libm.a(lib_a-sf_floor.o)
                              ./Synth/chorusFD.o (symbol from plugin) (floorf)
c:/program files/gnu tools arm embedded/4.8 2013q4/bin/../lib/gcc/arm-none-eabi/4.8.3/../../../../arm-none-eabi/lib/armv7e-m/fpu\libm.a(lib_a-sf_lrint.o)
                              ./Synth/blepvco.o (symbol from plugin) (lrintf)
c:/program files/gnu tools arm embedded/4.8 2013q4/bin/../lib/gcc/arm-none-eabi/4.8.3/../../../../arm-none-eabi/lib/armv7e-m/fpu\libm.a(lib_a-sf_rint.o)
                              ./Synth/sequencer.o (symbol from plugin) (rintf)
c:/program files/gnu tools arm embedded/4.8 2013q4/bin/../lib/gcc/arm-none-eabi/4.8.3/../../../../arm-none-eabi/lib/armv7e-m/fpu\libm.a(lib_a-sf_sin.o)
                              ./Synth/oscillators.o (symbol from plugin) (sinf)
c:/program files/gnu tools arm embedded/4.8 2013q4/bin/../lib/gcc/arm-none-eabi/4.8.3/../../../../arm-none-eabi/lib/armv7e-m/fpu\libm.a(lib_a-wf_pow.o)
                              ./Synth/math_tools.o (symbol from plugin) (powf)
c:/program files/gnu tools arm embedded/4.8 2013q4/bin/../lib/gcc/arm-none-eabi/4.8.3/../../../../arm-none-eabi/lib/armv7e-m/fpu\libm.a(lib_a-ef_pow.o)
                              c:/program files/gnu tools arm embedded/4.8 2013q4/bin/../lib/gcc/arm-none-eabi/4.8.3/../../../../arm-none-eabi/lib/armv7e-m/fpu\libm.a(lib_a-wf_pow.o) (__ieee754_powf)
c:/program files/gnu tools arm embedded/4.8 2013q4/bin/../lib/gcc/arm-none-eabi/4.8.3/../../../../arm-none-eabi/lib/armv7e-m/fpu\libm.a(lib_a-ef_rem_pio2.o)
                              c:/program files/gnu tools arm embedded/4.8 2013q4/bin/../lib/gcc/arm-none-eabi/4.8.3/../../../../arm-none-eabi/lib/armv7e-m/fpu\libm.a(lib_a-sf_sin.o) (__ieee754_rem_pio2f)
c:/program files/gnu tools arm embedded/4.8 2013q4/bin/../lib/gcc/arm-none-eabi/4.8.3/../../../../arm-none-eabi/lib/armv7e-m/fpu\libm.a(lib_a-ef_sqrt.o)
                              c:/program files/gnu tools arm embedded/4.8 2013q4/bin/../lib/gcc/arm-none-eabi/4.8.3/../../../../arm-none-eabi/lib/armv7e-m/fpu\libm.a(lib_a-ef_pow.o) (__ieee754_sqrtf)
c:/program files/gnu tools arm embedded/4.8 2013q4/bin/../lib/gcc/arm-none-eabi/4.8.3/../../../../arm-none-eabi/lib/armv7e-m/fpu\libm.a(lib_a-kf_cos.o)
                              c:/program files/gnu tools arm embedded/4.8 2013q4/bin/../lib/gcc/arm-none-eabi/4.8.3/../../../../arm-none-eabi/lib/armv7e-m/fpu\libm.a(lib_a-sf_sin.o) (__kernel_cosf)
c:/program files/gnu tools arm embedded/4.8 2013q4/bin/../lib/gcc/arm-none-eabi/4.8.3/../../../../arm-none-eabi/lib/armv7e-m/fpu\libm.a(lib_a-kf_rem_pio2.o)
                              c:/program files/gnu tools arm embedded/4.8 2013q4/bin/../lib/gcc/arm-none-eabi/4.8.3/../../../../arm-none-eabi/lib/armv7e-m/fpu\libm.a(lib_a-ef_rem_pio2.o) (__kernel_rem_pio2f)
c:/program files/gnu tools arm embedded/4.8 2013q4/bin/../lib/gcc/arm-none-eabi/4.8.3/../../../../arm-none-eabi/lib/armv7e-m/fpu\libm.a(lib_a-kf_sin.o)
                              c:/program files/gnu tools arm embedded/4.8 2013q4/bin/../lib/gcc/arm-none-eabi/4.8.3/../../../../arm-none-eabi/lib/armv7e-m/fpu\libm.a(lib_a-sf_sin.o) (__kernel_sinf)
c:/program files/gnu tools arm embedded/4.8 2013q4/bin/../lib/gcc/arm-none-eabi/4.8.3/../../../../arm-none-eabi/lib/armv7e-m/fpu\libm.a(lib_a-s_lib_ver.o)
                              c:/program files/gnu tools arm embedded/4.8 2013q4/bin/../lib/gcc/arm-none-eabi/4.8.3/../../../../arm-none-eabi/lib/armv7e-m/fpu\libm.a(lib_a-wf_pow.o) (__fdlib_version)
c:/program files/gnu tools arm embedded/4.8 2013q4/bin/../lib/gcc/arm-none-eabi/4.8.3/../../../../arm-none-eabi/lib/armv7e-m/fpu\libm.a(lib_a-s_matherr.o)
                              c:/program files/gnu tools arm embedded/4.8 2013q4/bin/../lib/gcc/arm-none-eabi/4.8.3/../../../../arm-none-eabi/lib/armv7e-m/fpu\libm.a(lib_a-wf_pow.o) (matherr)
c:/program files/gnu tools arm embedded/4.8 2013q4/bin/../lib/gcc/arm-none-eabi/4.8.3/../../../../arm-none-eabi/lib/armv7e-m/fpu\libm.a(lib_a-s_rint.o)
                              c:/program files/gnu tools arm embedded/4.8 2013q4/bin/../lib/gcc/arm-none-eabi/4.8.3/../../../../arm-none-eabi/lib/armv7e-m/fpu\libm.a(lib_a-wf_pow.o) (rint)
c:/program files/gnu tools arm embedded/4.8 2013q4/bin/../lib/gcc/arm-none-eabi/4.8.3/../../../../arm-none-eabi/lib/armv7e-m/fpu\libm.a(lib_a-sf_finite.o)
                              c:/program files/gnu tools arm embedded/4.8 2013q4/bin/../lib/gcc/arm-none-eabi/4.8.3/../../../../arm-none-eabi/lib/armv7e-m/fpu\libm.a(lib_a-wf_pow.o) (finitef)
c:/program files/gnu tools arm embedded/4.8 2013q4/bin/../lib/gcc/arm-none-eabi/4.8.3/../../../../arm-none-eabi/lib/armv7e-m/fpu\libm.a(lib_a-sf_fpclassify.o)
                              c:/program files/gnu tools arm embedded/4.8 2013q4/bin/../lib/gcc/arm-none-eabi/4.8.3/../../../../arm-none-eabi/lib/armv7e-m/fpu\libm.a(lib_a-wf_pow.o) (__fpclassifyf)
c:/program files/gnu tools arm embedded/4.8 2013q4/bin/../lib/gcc/arm-none-eabi/4.8.3/../../../../arm-none-eabi/lib/armv7e-m/fpu\libm.a(lib_a-sf_nan.o)
                              c:/program files/gnu tools arm embedded/4.8 2013q4/bin/../lib/gcc/arm-none-eabi/4.8.3/../../../../arm-none-eabi/lib/armv7e-m/fpu\libm.a(lib_a-ef_pow.o) (nanf)
c:/program files/gnu tools arm embedded/4.8 2013q4/bin/../lib/gcc/arm-none-eabi/4.8.3/../../../../arm-none-eabi/lib/armv7e-m/fpu\libm.a(lib_a-sf_scalbn.o)
                              c:/program files/gnu tools arm embedded/4.8 2013q4/bin/../lib/gcc/arm-none-eabi/4.8.3/../../../../arm-none-eabi/lib/armv7e-m/fpu\libm.a(lib_a-ef_pow.o) (scalbnf)
c:/program files/gnu tools arm embedded/4.8 2013q4/bin/../lib/gcc/arm-none-eabi/4.8.3/../../../../arm-none-eabi/lib/armv7e-m/fpu\libm.a(lib_a-sf_copysign.o)
                              c:/program files/gnu tools arm embedded/4.8 2013q4/bin/../lib/gcc/arm-none-eabi/4.8.3/../../../../arm-none-eabi/lib/armv7e-m/fpu\libm.a(lib_a-sf_scalbn.o) (copysignf)
c:/program files/gnu tools arm embedded/4.8 2013q4/bin/../lib/gcc/arm-none-eabi/4.8.3/armv7e-m/fpu\libgcc.a(_arm_addsubdf3.o)
                              c:/program files/gnu tools arm embedded/4.8 2013q4/bin/../lib/gcc/arm-none-eabi/4.8.3/../../../../arm-none-eabi/lib/armv7e-m/fpu\libm.a(lib_a-s_rint.o) (__aeabi_dsub)
c:/program files/gnu tools arm embedded/4.8 2013q4/bin/../lib/gcc/arm-none-eabi/4.8.3/armv7e-m/fpu\libgcc.a(_arm_muldivdf3.o)
                              c:/program files/gnu tools arm embedded/4.8 2013q4/bin/../lib/gcc/arm-none-eabi/4.8.3/../../../../arm-none-eabi/lib/armv7e-m/fpu\libm.a(lib_a-wf_pow.o) (__aeabi_ddiv)
c:/program files/gnu tools arm embedded/4.8 2013q4/bin/../lib/gcc/arm-none-eabi/4.8.3/armv7e-m/fpu\libgcc.a(_arm_cmpdf2.o)
                              c:/program files/gnu tools arm embedded/4.8 2013q4/bin/../lib/gcc/arm-none-eabi/4.8.3/../../../../arm-none-eabi/lib/armv7e-m/fpu\libm.a(lib_a-wf_pow.o) (__aeabi_dcmpeq)
c:/program files/gnu tools arm embedded/4.8 2013q4/bin/../lib/gcc/arm-none-eabi/4.8.3/armv7e-m/fpu\libgcc.a(_arm_truncdfsf2.o)
                              c:/program files/gnu tools arm embedded/4.8 2013q4/bin/../lib/gcc/arm-none-eabi/4.8.3/../../../../arm-none-eabi/lib/armv7e-m/fpu\libm.a(lib_a-wf_pow.o) (__aeabi_d2f)
c:/program files/gnu tools arm embedded/4.8 2013q4/bin/../lib/gcc/arm-none-eabi/4.8.3/../../../../arm-none-eabi/lib/armv7e-m/fpu\libc.a(lib_a-memcpy.o)
                              ./Synth/blepvco.o (symbol from plugin) (memcpy)
c:/program files/gnu tools arm embedded/4.8 2013q4/bin/../lib/gcc/arm-none-eabi/4.8.3/../../../../arm-none-eabi/lib/armv7e-m/fpu\libc.a(lib_a-memset.o)
                              ./Synth/blepvco.o (symbol from plugin) (memset)
c:/program files/gnu tools arm embedded/4.8 2013q4/bin/../lib/gcc/arm-none-eabi/4.8.3/../../../../arm-none-eabi/lib/armv7e-m/fpu\libc.a(lib_a-rand.o)
                              ./Synth/random.o (symbol from plugin) (srand)
c:/program files/gnu tools arm embedded/4.8 2013q4/bin/../lib/gcc/arm-none-eabi/4.8.3/../../../../arm-none-eabi/lib/armv7e-m/fpu\libc.a(lib_a-impure.o)
                              c:/program files/gnu tools arm embedded/4.8 2013q4/bin/../lib/gcc/arm-none-eabi/4.8.3/../../../../arm-none-eabi/lib/armv7e-m/fpu\libc.a(lib_a-rand.o) (_impure_ptr)

Allocating common symbols
Common symbol       size              file

HSEStartUpStatus    0x1               ./USB/usb_bsp.o (symbol from plugin)
__errno             0x4               C:\Users\CNous\AppData\Local\Temp\cc6wQodd.ltrans2.ltrans.o
USBH_CfgDesc        0x200             ./Lib/STM32_USB_HOST_Library/Core/src/usbh_stdreq.o (symbol from plugin)
AUDIO_MAL_DMA_InitStructure
                    0x3c              ./System/my_stm32f4_discovery_audio_codec.o (symbol from plugin)
MIDI_Setup          0x8               ./USB/MIDIstream_class/usbh_midi_core.o (symbol from plugin)
NVIC_InitStructure  0x4               ./System/my_stm32f4_discovery.o (symbol from plugin)

Discarded input sections

 .text          0x00000000        0x0 ./USB/MIDIstream_class/usbh_midi_core.o (symbol from plugin)
 .text          0x00000000        0x0 C:\Users\CNous\AppData\Local\Temp\cc6wQodd.ltrans0.ltrans.o
 .data          0x00000000        0x0 C:\Users\CNous\AppData\Local\Temp\cc6wQodd.ltrans0.ltrans.o
 .bss           0x00000000        0x0 C:\Users\CNous\AppData\Local\Temp\cc6wQodd.ltrans0.ltrans.o
 .rodata.AUDIO_MAL_DMA_STREAM
                0x00000000        0x4 C:\Users\CNous\AppData\Local\Temp\cc6wQodd.ltrans0.ltrans.o
 .rodata.BUTTON_PORT
                0x00000000        0x4 C:\Users\CNous\AppData\Local\Temp\cc6wQodd.ltrans0.ltrans.o
 .text          0x00000000        0x0 C:\Users\CNous\AppData\Local\Temp\cc6wQodd.ltrans1.ltrans.o
 .data          0x00000000        0x0 C:\Users\CNous\AppData\Local\Temp\cc6wQodd.ltrans1.ltrans.o
 .bss           0x00000000        0x0 C:\Users\CNous\AppData\Local\Temp\cc6wQodd.ltrans1.ltrans.o
 .text          0x00000000        0x0 C:\Users\CNous\AppData\Local\Temp\cc6wQodd.ltrans2.ltrans.o
 .data          0x00000000        0x0 C:\Users\CNous\AppData\Local\Temp\cc6wQodd.ltrans2.ltrans.o
 .bss           0x00000000        0x0 C:\Users\CNous\AppData\Local\Temp\cc6wQodd.ltrans2.ltrans.o
 .text.unlikely.RCC_APB2PeriphResetCmd.part.9.10606
                0x00000000       0x10 C:\Users\CNous\AppData\Local\Temp\cc6wQodd.ltrans2.ltrans.o
 .text.unlikely.RCC_AHB1PeriphClockCmd.part.0.10578
                0x00000000       0x10 C:\Users\CNous\AppData\Local\Temp\cc6wQodd.ltrans2.ltrans.o
 .data.AHBPrescTable.4953
                0x00000000       0x10 C:\Users\CNous\AppData\Local\Temp\cc6wQodd.ltrans2.ltrans.o
 .text          0x00000000        0x0 C:\Users\CNous\AppData\Local\Temp\cc6wQodd.ltrans3.ltrans.o
 .data          0x00000000        0x0 C:\Users\CNous\AppData\Local\Temp\cc6wQodd.ltrans3.ltrans.o
 .bss           0x00000000        0x0 C:\Users\CNous\AppData\Local\Temp\cc6wQodd.ltrans3.ltrans.o
 .text          0x00000000        0x0 C:\Users\CNous\AppData\Local\Temp\cc6wQodd.ltrans4.ltrans.o
 .data          0x00000000        0x0 C:\Users\CNous\AppData\Local\Temp\cc6wQodd.ltrans4.ltrans.o
 .bss           0x00000000        0x0 C:\Users\CNous\AppData\Local\Temp\cc6wQodd.ltrans4.ltrans.o
 .text          0x00000000        0x0 C:\Users\CNous\AppData\Local\Temp\cc6wQodd.ltrans5.ltrans.o
 .data          0x00000000        0x0 C:\Users\CNous\AppData\Local\Temp\cc6wQodd.ltrans5.ltrans.o
 .bss           0x00000000        0x0 C:\Users\CNous\AppData\Local\Temp\cc6wQodd.ltrans5.ltrans.o
 .text          0x00000000        0x0 C:\Users\CNous\AppData\Local\Temp\cc6wQodd.ltrans6.ltrans.o
 .data          0x00000000        0x0 C:\Users\CNous\AppData\Local\Temp\cc6wQodd.ltrans6.ltrans.o
 .bss           0x00000000        0x0 C:\Users\CNous\AppData\Local\Temp\cc6wQodd.ltrans6.ltrans.o
 .text          0x00000000        0x0 C:\Users\CNous\AppData\Local\Temp\cc6wQodd.ltrans7.ltrans.o
 .data          0x00000000        0x0 C:\Users\CNous\AppData\Local\Temp\cc6wQodd.ltrans7.ltrans.o
 .bss           0x00000000        0x0 C:\Users\CNous\AppData\Local\Temp\cc6wQodd.ltrans7.ltrans.o
 .text          0x00000000        0x0 C:\Users\CNous\AppData\Local\Temp\cc6wQodd.ltrans8.ltrans.o
 .data          0x00000000        0x0 C:\Users\CNous\AppData\Local\Temp\cc6wQodd.ltrans8.ltrans.o
 .bss           0x00000000        0x0 C:\Users\CNous\AppData\Local\Temp\cc6wQodd.ltrans8.ltrans.o
 .text          0x00000000        0x0 ./USB/usb_bsp.o (symbol from plugin)
 .text          0x00000000        0x0 ./USB/usbh_usr.o (symbol from plugin)
 .text          0x00000000        0x0 ./System/my_stm32f4_discovery.o (symbol from plugin)
 .text          0x00000000        0x0 ./System/my_stm32f4_discovery_audio_codec.o (symbol from plugin)
 .text          0x00000000        0x0 ./System/startup_stm32f4xx.o (symbol from plugin)
 .text          0x00000000        0x0 ./System/stm32fxxx_it.o (symbol from plugin)
 .text          0x00000000        0x0 ./System/system_stm32f4xx.o (symbol from plugin)
 .text          0x00000000        0x0 ./Synth/adsr.o (symbol from plugin)
 .text          0x00000000        0x0 ./Synth/audio.o (symbol from plugin)
 .text          0x00000000        0x0 ./Synth/blepvco.o (symbol from plugin)
 .text          0x00000000        0x0 ./Synth/chorusFD.o (symbol from plugin)
 .text          0x00000000        0x0 ./Synth/delay.o (symbol from plugin)
 .text          0x00000000        0x0 ./Synth/drifter.o (symbol from plugin)
 .text          0x00000000        0x0 ./Synth/main.o (symbol from plugin)
 .text          0x00000000        0x0 ./Synth/math_tools.o (symbol from plugin)
 .text          0x00000000        0x0 ./Synth/midi_interface.o (symbol from plugin)
 .text          0x00000000        0x0 ./Synth/minblep_tables.o (symbol from plugin)
 .text          0x00000000        0x0 ./Synth/notesTables.o (symbol from plugin)
 .text          0x00000000        0x0 ./Synth/oscillators.o (symbol from plugin)
 .text          0x00000000        0x0 ./Synth/random.o (symbol from plugin)
 .text          0x00000000        0x0 ./Synth/resonantFilter.o (symbol from plugin)
 .text          0x00000000        0x0 ./Synth/sequencer.o (symbol from plugin)
 .text          0x00000000        0x0 ./Synth/sinetable.o (symbol from plugin)
 .text          0x00000000        0x0 ./Synth/soundGen.o (symbol from plugin)
 .text          0x00000000        0x0 ./Synth/timers.o (symbol from plugin)
 .text          0x00000000        0x0 ./Lib/STM32_USB_OTG_Driver/src/usb_core.o (symbol from plugin)
 .text          0x00000000        0x0 ./Lib/STM32_USB_OTG_Driver/src/usb_hcd.o (symbol from plugin)
 .text          0x00000000        0x0 ./Lib/STM32_USB_OTG_Driver/src/usb_hcd_int.o (symbol from plugin)
 .text          0x00000000        0x0 ./Lib/STM32_USB_HOST_Library/Core/src/usbh_core.o (symbol from plugin)
 .text          0x00000000        0x0 ./Lib/STM32_USB_HOST_Library/Core/src/usbh_hcs.o (symbol from plugin)
 .text          0x00000000        0x0 ./Lib/STM32_USB_HOST_Library/Core/src/usbh_ioreq.o (symbol from plugin)
 .text          0x00000000        0x0 ./Lib/STM32_USB_HOST_Library/Core/src/usbh_stdreq.o (symbol from plugin)
 .text          0x00000000        0x0 ./Lib/STM32F4xx_StdPeriph_Driver/src/misc.o (symbol from plugin)
 .text          0x00000000        0x0 ./Lib/STM32F4xx_StdPeriph_Driver/src/stm32f4xx_dac.o (symbol from plugin)
 .text          0x00000000        0x0 ./Lib/STM32F4xx_StdPeriph_Driver/src/stm32f4xx_dma.o (symbol from plugin)
 .text          0x00000000        0x0 ./Lib/STM32F4xx_StdPeriph_Driver/src/stm32f4xx_exti.o (symbol from plugin)
 .text          0x00000000        0x0 ./Lib/STM32F4xx_StdPeriph_Driver/src/stm32f4xx_gpio.o (symbol from plugin)
 .text          0x00000000        0x0 ./Lib/STM32F4xx_StdPeriph_Driver/src/stm32f4xx_i2c.o (symbol from plugin)
 .text          0x00000000        0x0 ./Lib/STM32F4xx_StdPeriph_Driver/src/stm32f4xx_rcc.o (symbol from plugin)
 .text          0x00000000        0x0 ./Lib/STM32F4xx_StdPeriph_Driver/src/stm32f4xx_rng.o (symbol from plugin)
 .text          0x00000000        0x0 ./Lib/STM32F4xx_StdPeriph_Driver/src/stm32f4xx_spi.o (symbol from plugin)
 .text          0x00000000        0x0 ./Lib/STM32F4xx_StdPeriph_Driver/src/stm32f4xx_syscfg.o (symbol from plugin)
 .text          0x00000000        0x0 ./Lib/STM32F4xx_StdPeriph_Driver/src/stm32f4xx_tim.o (symbol from plugin)
 .text          0x00000000        0x0 c:/program files/gnu tools arm embedded/4.8 2013q4/bin/../lib/gcc/arm-none-eabi/4.8.3/../../../../arm-none-eabi/lib/armv7e-m/fpu\libm.a(lib_a-sf_fabs.o)
 .data          0x00000000        0x0 c:/program files/gnu tools arm embedded/4.8 2013q4/bin/../lib/gcc/arm-none-eabi/4.8.3/../../../../arm-none-eabi/lib/armv7e-m/fpu\libm.a(lib_a-sf_fabs.o)
 .bss           0x00000000        0x0 c:/program files/gnu tools arm embedded/4.8 2013q4/bin/../lib/gcc/arm-none-eabi/4.8.3/../../../../arm-none-eabi/lib/armv7e-m/fpu\libm.a(lib_a-sf_fabs.o)
 .text          0x00000000        0x0 c:/program files/gnu tools arm embedded/4.8 2013q4/bin/../lib/gcc/arm-none-eabi/4.8.3/../../../../arm-none-eabi/lib/armv7e-m/fpu\libm.a(lib_a-sf_floor.o)
 .data          0x00000000        0x0 c:/program files/gnu tools arm embedded/4.8 2013q4/bin/../lib/gcc/arm-none-eabi/4.8.3/../../../../arm-none-eabi/lib/armv7e-m/fpu\libm.a(lib_a-sf_floor.o)
 .bss           0x00000000        0x0 c:/program files/gnu tools arm embedded/4.8 2013q4/bin/../lib/gcc/arm-none-eabi/4.8.3/../../../../arm-none-eabi/lib/armv7e-m/fpu\libm.a(lib_a-sf_floor.o)
 .text          0x00000000        0x0 c:/program files/gnu tools arm embedded/4.8 2013q4/bin/../lib/gcc/arm-none-eabi/4.8.3/../../../../arm-none-eabi/lib/armv7e-m/fpu\libm.a(lib_a-sf_lrint.o)
 .data          0x00000000        0x0 c:/program files/gnu tools arm embedded/4.8 2013q4/bin/../lib/gcc/arm-none-eabi/4.8.3/../../../../arm-none-eabi/lib/armv7e-m/fpu\libm.a(lib_a-sf_lrint.o)
 .bss           0x00000000        0x0 c:/program files/gnu tools arm embedded/4.8 2013q4/bin/../lib/gcc/arm-none-eabi/4.8.3/../../../../arm-none-eabi/lib/armv7e-m/fpu\libm.a(lib_a-sf_lrint.o)
 .text          0x00000000        0x0 c:/program files/gnu tools arm embedded/4.8 2013q4/bin/../lib/gcc/arm-none-eabi/4.8.3/../../../../arm-none-eabi/lib/armv7e-m/fpu\libm.a(lib_a-sf_rint.o)
 .data          0x00000000        0x0 c:/program files/gnu tools arm embedded/4.8 2013q4/bin/../lib/gcc/arm-none-eabi/4.8.3/../../../../arm-none-eabi/lib/armv7e-m/fpu\libm.a(lib_a-sf_rint.o)
 .bss           0x00000000        0x0 c:/program files/gnu tools arm embedded/4.8 2013q4/bin/../lib/gcc/arm-none-eabi/4.8.3/../../../../arm-none-eabi/lib/armv7e-m/fpu\libm.a(lib_a-sf_rint.o)
 .text          0x00000000        0x0 c:/program files/gnu tools arm embedded/4.8 2013q4/bin/../lib/gcc/arm-none-eabi/4.8.3/../../../../arm-none-eabi/lib/armv7e-m/fpu\libm.a(lib_a-sf_sin.o)
 .data          0x00000000        0x0 c:/program files/gnu tools arm embedded/4.8 2013q4/bin/../lib/gcc/arm-none-eabi/4.8.3/../../../../arm-none-eabi/lib/armv7e-m/fpu\libm.a(lib_a-sf_sin.o)
 .bss           0x00000000        0x0 c:/program files/gnu tools arm embedded/4.8 2013q4/bin/../lib/gcc/arm-none-eabi/4.8.3/../../../../arm-none-eabi/lib/armv7e-m/fpu\libm.a(lib_a-sf_sin.o)
 .text          0x00000000        0x0 c:/program files/gnu tools arm embedded/4.8 2013q4/bin/../lib/gcc/arm-none-eabi/4.8.3/../../../../arm-none-eabi/lib/armv7e-m/fpu\libm.a(lib_a-wf_pow.o)
 .data          0x00000000        0x0 c:/program files/gnu tools arm embedded/4.8 2013q4/bin/../lib/gcc/arm-none-eabi/4.8.3/../../../../arm-none-eabi/lib/armv7e-m/fpu\libm.a(lib_a-wf_pow.o)
 .bss           0x00000000        0x0 c:/program files/gnu tools arm embedded/4.8 2013q4/bin/../lib/gcc/arm-none-eabi/4.8.3/../../../../arm-none-eabi/lib/armv7e-m/fpu\libm.a(lib_a-wf_pow.o)
 .text          0x00000000        0x0 c:/program files/gnu tools arm embedded/4.8 2013q4/bin/../lib/gcc/arm-none-eabi/4.8.3/../../../../arm-none-eabi/lib/armv7e-m/fpu\libm.a(lib_a-ef_pow.o)
 .data          0x00000000        0x0 c:/program files/gnu tools arm embedded/4.8 2013q4/bin/../lib/gcc/arm-none-eabi/4.8.3/../../../../arm-none-eabi/lib/armv7e-m/fpu\libm.a(lib_a-ef_pow.o)
 .bss           0x00000000        0x0 c:/program files/gnu tools arm embedded/4.8 2013q4/bin/../lib/gcc/arm-none-eabi/4.8.3/../../../../arm-none-eabi/lib/armv7e-m/fpu\libm.a(lib_a-ef_pow.o)
 .text          0x00000000        0x0 c:/program files/gnu tools arm embedded/4.8 2013q4/bin/../lib/gcc/arm-none-eabi/4.8.3/../../../../arm-none-eabi/lib/armv7e-m/fpu\libm.a(lib_a-ef_rem_pio2.o)
 .data          0x00000000        0x0 c:/program files/gnu tools arm embedded/4.8 2013q4/bin/../lib/gcc/arm-none-eabi/4.8.3/../../../../arm-none-eabi/lib/armv7e-m/fpu\libm.a(lib_a-ef_rem_pio2.o)
 .bss           0x00000000        0x0 c:/program files/gnu tools arm embedded/4.8 2013q4/bin/../lib/gcc/arm-none-eabi/4.8.3/../../../../arm-none-eabi/lib/armv7e-m/fpu\libm.a(lib_a-ef_rem_pio2.o)
 .text          0x00000000        0x0 c:/program files/gnu tools arm embedded/4.8 2013q4/bin/../lib/gcc/arm-none-eabi/4.8.3/../../../../arm-none-eabi/lib/armv7e-m/fpu\libm.a(lib_a-ef_sqrt.o)
 .data          0x00000000        0x0 c:/program files/gnu tools arm embedded/4.8 2013q4/bin/../lib/gcc/arm-none-eabi/4.8.3/../../../../arm-none-eabi/lib/armv7e-m/fpu\libm.a(lib_a-ef_sqrt.o)
 .bss           0x00000000        0x0 c:/program files/gnu tools arm embedded/4.8 2013q4/bin/../lib/gcc/arm-none-eabi/4.8.3/../../../../arm-none-eabi/lib/armv7e-m/fpu\libm.a(lib_a-ef_sqrt.o)
 .text          0x00000000        0x0 c:/program files/gnu tools arm embedded/4.8 2013q4/bin/../lib/gcc/arm-none-eabi/4.8.3/../../../../arm-none-eabi/lib/armv7e-m/fpu\libm.a(lib_a-kf_cos.o)
 .data          0x00000000        0x0 c:/program files/gnu tools arm embedded/4.8 2013q4/bin/../lib/gcc/arm-none-eabi/4.8.3/../../../../arm-none-eabi/lib/armv7e-m/fpu\libm.a(lib_a-kf_cos.o)
 .bss           0x00000000        0x0 c:/program files/gnu tools arm embedded/4.8 2013q4/bin/../lib/gcc/arm-none-eabi/4.8.3/../../../../arm-none-eabi/lib/armv7e-m/fpu\libm.a(lib_a-kf_cos.o)
 .text          0x00000000        0x0 c:/program files/gnu tools arm embedded/4.8 2013q4/bin/../lib/gcc/arm-none-eabi/4.8.3/../../../../arm-none-eabi/lib/armv7e-m/fpu\libm.a(lib_a-kf_rem_pio2.o)
 .data          0x00000000        0x0 c:/program files/gnu tools arm embedded/4.8 2013q4/bin/../lib/gcc/arm-none-eabi/4.8.3/../../../../arm-none-eabi/lib/armv7e-m/fpu\libm.a(lib_a-kf_rem_pio2.o)
 .bss           0x00000000        0x0 c:/program files/gnu tools arm embedded/4.8 2013q4/bin/../lib/gcc/arm-none-eabi/4.8.3/../../../../arm-none-eabi/lib/armv7e-m/fpu\libm.a(lib_a-kf_rem_pio2.o)
 .text          0x00000000        0x0 c:/program files/gnu tools arm embedded/4.8 2013q4/bin/../lib/gcc/arm-none-eabi/4.8.3/../../../../arm-none-eabi/lib/armv7e-m/fpu\libm.a(lib_a-kf_sin.o)
 .data          0x00000000        0x0 c:/program files/gnu tools arm embedded/4.8 2013q4/bin/../lib/gcc/arm-none-eabi/4.8.3/../../../../arm-none-eabi/lib/armv7e-m/fpu\libm.a(lib_a-kf_sin.o)
 .bss           0x00000000        0x0 c:/program files/gnu tools arm embedded/4.8 2013q4/bin/../lib/gcc/arm-none-eabi/4.8.3/../../../../arm-none-eabi/lib/armv7e-m/fpu\libm.a(lib_a-kf_sin.o)
 .text          0x00000000        0x0 c:/program files/gnu tools arm embedded/4.8 2013q4/bin/../lib/gcc/arm-none-eabi/4.8.3/../../../../arm-none-eabi/lib/armv7e-m/fpu\libm.a(lib_a-s_lib_ver.o)
 .data          0x00000000        0x0 c:/program files/gnu tools arm embedded/4.8 2013q4/bin/../lib/gcc/arm-none-eabi/4.8.3/../../../../arm-none-eabi/lib/armv7e-m/fpu\libm.a(lib_a-s_lib_ver.o)
 .bss           0x00000000        0x0 c:/program files/gnu tools arm embedded/4.8 2013q4/bin/../lib/gcc/arm-none-eabi/4.8.3/../../../../arm-none-eabi/lib/armv7e-m/fpu\libm.a(lib_a-s_lib_ver.o)
 .text          0x00000000        0x0 c:/program files/gnu tools arm embedded/4.8 2013q4/bin/../lib/gcc/arm-none-eabi/4.8.3/../../../../arm-none-eabi/lib/armv7e-m/fpu\libm.a(lib_a-s_matherr.o)
 .data          0x00000000        0x0 c:/program files/gnu tools arm embedded/4.8 2013q4/bin/../lib/gcc/arm-none-eabi/4.8.3/../../../../arm-none-eabi/lib/armv7e-m/fpu\libm.a(lib_a-s_matherr.o)
 .bss           0x00000000        0x0 c:/program files/gnu tools arm embedded/4.8 2013q4/bin/../lib/gcc/arm-none-eabi/4.8.3/../../../../arm-none-eabi/lib/armv7e-m/fpu\libm.a(lib_a-s_matherr.o)
 .text          0x00000000        0x0 c:/program files/gnu tools arm embedded/4.8 2013q4/bin/../lib/gcc/arm-none-eabi/4.8.3/../../../../arm-none-eabi/lib/armv7e-m/fpu\libm.a(lib_a-s_rint.o)
 .data          0x00000000        0x0 c:/program files/gnu tools arm embedded/4.8 2013q4/bin/../lib/gcc/arm-none-eabi/4.8.3/../../../../arm-none-eabi/lib/armv7e-m/fpu\libm.a(lib_a-s_rint.o)
 .bss           0x00000000        0x0 c:/program files/gnu tools arm embedded/4.8 2013q4/bin/../lib/gcc/arm-none-eabi/4.8.3/../../../../arm-none-eabi/lib/armv7e-m/fpu\libm.a(lib_a-s_rint.o)
 .text          0x00000000        0x0 c:/program files/gnu tools arm embedded/4.8 2013q4/bin/../lib/gcc/arm-none-eabi/4.8.3/../../../../arm-none-eabi/lib/armv7e-m/fpu\libm.a(lib_a-sf_finite.o)
 .data          0x00000000        0x0 c:/program files/gnu tools arm embedded/4.8 2013q4/bin/../lib/gcc/arm-none-eabi/4.8.3/../../../../arm-none-eabi/lib/armv7e-m/fpu\libm.a(lib_a-sf_finite.o)
 .bss           0x00000000        0x0 c:/program files/gnu tools arm embedded/4.8 2013q4/bin/../lib/gcc/arm-none-eabi/4.8.3/../../../../arm-none-eabi/lib/armv7e-m/fpu\libm.a(lib_a-sf_finite.o)
 .text          0x00000000        0x0 c:/program files/gnu tools arm embedded/4.8 2013q4/bin/../lib/gcc/arm-none-eabi/4.8.3/../../../../arm-none-eabi/lib/armv7e-m/fpu\libm.a(lib_a-sf_fpclassify.o)
 .data          0x00000000        0x0 c:/program files/gnu tools arm embedded/4.8 2013q4/bin/../lib/gcc/arm-none-eabi/4.8.3/../../../../arm-none-eabi/lib/armv7e-m/fpu\libm.a(lib_a-sf_fpclassify.o)
 .bss           0x00000000        0x0 c:/program files/gnu tools arm embedded/4.8 2013q4/bin/../lib/gcc/arm-none-eabi/4.8.3/../../../../arm-none-eabi/lib/armv7e-m/fpu\libm.a(lib_a-sf_fpclassify.o)
 .text          0x00000000        0x0 c:/program files/gnu tools arm embedded/4.8 2013q4/bin/../lib/gcc/arm-none-eabi/4.8.3/../../../../arm-none-eabi/lib/armv7e-m/fpu\libm.a(lib_a-sf_nan.o)
 .data          0x00000000        0x0 c:/program files/gnu tools arm embedded/4.8 2013q4/bin/../lib/gcc/arm-none-eabi/4.8.3/../../../../arm-none-eabi/lib/armv7e-m/fpu\libm.a(lib_a-sf_nan.o)
 .bss           0x00000000        0x0 c:/program files/gnu tools arm embedded/4.8 2013q4/bin/../lib/gcc/arm-none-eabi/4.8.3/../../../../arm-none-eabi/lib/armv7e-m/fpu\libm.a(lib_a-sf_nan.o)
 .text          0x00000000        0x0 c:/program files/gnu tools arm embedded/4.8 2013q4/bin/../lib/gcc/arm-none-eabi/4.8.3/../../../../arm-none-eabi/lib/armv7e-m/fpu\libm.a(lib_a-sf_scalbn.o)
 .data          0x00000000        0x0 c:/program files/gnu tools arm embedded/4.8 2013q4/bin/../lib/gcc/arm-none-eabi/4.8.3/../../../../arm-none-eabi/lib/armv7e-m/fpu\libm.a(lib_a-sf_scalbn.o)
 .bss           0x00000000        0x0 c:/program files/gnu tools arm embedded/4.8 2013q4/bin/../lib/gcc/arm-none-eabi/4.8.3/../../../../arm-none-eabi/lib/armv7e-m/fpu\libm.a(lib_a-sf_scalbn.o)
 .text          0x00000000        0x0 c:/program files/gnu tools arm embedded/4.8 2013q4/bin/../lib/gcc/arm-none-eabi/4.8.3/../../../../arm-none-eabi/lib/armv7e-m/fpu\libm.a(lib_a-sf_copysign.o)
 .data          0x00000000        0x0 c:/program files/gnu tools arm embedded/4.8 2013q4/bin/../lib/gcc/arm-none-eabi/4.8.3/../../../../arm-none-eabi/lib/armv7e-m/fpu\libm.a(lib_a-sf_copysign.o)
 .bss           0x00000000        0x0 c:/program files/gnu tools arm embedded/4.8 2013q4/bin/../lib/gcc/arm-none-eabi/4.8.3/../../../../arm-none-eabi/lib/armv7e-m/fpu\libm.a(lib_a-sf_copysign.o)
 .data          0x00000000        0x0 c:/program files/gnu tools arm embedded/4.8 2013q4/bin/../lib/gcc/arm-none-eabi/4.8.3/armv7e-m/fpu\libgcc.a(_arm_addsubdf3.o)
 .bss           0x00000000        0x0 c:/program files/gnu tools arm embedded/4.8 2013q4/bin/../lib/gcc/arm-none-eabi/4.8.3/armv7e-m/fpu\libgcc.a(_arm_addsubdf3.o)
 .data          0x00000000        0x0 c:/program files/gnu tools arm embedded/4.8 2013q4/bin/../lib/gcc/arm-none-eabi/4.8.3/armv7e-m/fpu\libgcc.a(_arm_muldivdf3.o)
 .bss           0x00000000        0x0 c:/program files/gnu tools arm embedded/4.8 2013q4/bin/../lib/gcc/arm-none-eabi/4.8.3/armv7e-m/fpu\libgcc.a(_arm_muldivdf3.o)
 .data          0x00000000        0x0 c:/program files/gnu tools arm embedded/4.8 2013q4/bin/../lib/gcc/arm-none-eabi/4.8.3/armv7e-m/fpu\libgcc.a(_arm_cmpdf2.o)
 .bss           0x00000000        0x0 c:/program files/gnu tools arm embedded/4.8 2013q4/bin/../lib/gcc/arm-none-eabi/4.8.3/armv7e-m/fpu\libgcc.a(_arm_cmpdf2.o)
 .data          0x00000000        0x0 c:/program files/gnu tools arm embedded/4.8 2013q4/bin/../lib/gcc/arm-none-eabi/4.8.3/armv7e-m/fpu\libgcc.a(_arm_truncdfsf2.o)
 .bss           0x00000000        0x0 c:/program files/gnu tools arm embedded/4.8 2013q4/bin/../lib/gcc/arm-none-eabi/4.8.3/armv7e-m/fpu\libgcc.a(_arm_truncdfsf2.o)
 .data          0x00000000        0x0 c:/program files/gnu tools arm embedded/4.8 2013q4/bin/../lib/gcc/arm-none-eabi/4.8.3/../../../../arm-none-eabi/lib/armv7e-m/fpu\libc.a(lib_a-memcpy.o)
 .bss           0x00000000        0x0 c:/program files/gnu tools arm embedded/4.8 2013q4/bin/../lib/gcc/arm-none-eabi/4.8.3/../../../../arm-none-eabi/lib/armv7e-m/fpu\libc.a(lib_a-memcpy.o)
 .text          0x00000000        0x0 c:/program files/gnu tools arm embedded/4.8 2013q4/bin/../lib/gcc/arm-none-eabi/4.8.3/../../../../arm-none-eabi/lib/armv7e-m/fpu\libc.a(lib_a-memset.o)
 .data          0x00000000        0x0 c:/program files/gnu tools arm embedded/4.8 2013q4/bin/../lib/gcc/arm-none-eabi/4.8.3/../../../../arm-none-eabi/lib/armv7e-m/fpu\libc.a(lib_a-memset.o)
 .bss           0x00000000        0x0 c:/program files/gnu tools arm embedded/4.8 2013q4/bin/../lib/gcc/arm-none-eabi/4.8.3/../../../../arm-none-eabi/lib/armv7e-m/fpu\libc.a(lib_a-memset.o)
 .text          0x00000000        0x0 c:/program files/gnu tools arm embedded/4.8 2013q4/bin/../lib/gcc/arm-none-eabi/4.8.3/../../../../arm-none-eabi/lib/armv7e-m/fpu\libc.a(lib_a-rand.o)
 .data          0x00000000        0x0 c:/program files/gnu tools arm embedded/4.8 2013q4/bin/../lib/gcc/arm-none-eabi/4.8.3/../../../../arm-none-eabi/lib/armv7e-m/fpu\libc.a(lib_a-rand.o)
 .bss           0x00000000        0x0 c:/program files/gnu tools arm embedded/4.8 2013q4/bin/../lib/gcc/arm-none-eabi/4.8.3/../../../../arm-none-eabi/lib/armv7e-m/fpu\libc.a(lib_a-rand.o)
 .text          0x00000000        0x0 c:/program files/gnu tools arm embedded/4.8 2013q4/bin/../lib/gcc/arm-none-eabi/4.8.3/../../../../arm-none-eabi/lib/armv7e-m/fpu\libc.a(lib_a-impure.o)
 .data          0x00000000        0x0 c:/program files/gnu tools arm embedded/4.8 2013q4/bin/../lib/gcc/arm-none-eabi/4.8.3/../../../../arm-none-eabi/lib/armv7e-m/fpu\libc.a(lib_a-impure.o)
 .bss           0x00000000        0x0 c:/program files/gnu tools arm embedded/4.8 2013q4/bin/../lib/gcc/arm-none-eabi/4.8.3/../../../../arm-none-eabi/lib/armv7e-m/fpu\libc.a(lib_a-impure.o)
 .rodata._global_impure_ptr
                0x00000000        0x4 c:/program files/gnu tools arm embedded/4.8 2013q4/bin/../lib/gcc/arm-none-eabi/4.8.3/../../../../arm-none-eabi/lib/armv7e-m/fpu\libc.a(lib_a-impure.o)

Memory Configuration

Name             Origin             Length             Attributes
rom              0x08000000         0x00100000         xr
ram              0x20000000         0x00020000         xrw
ccm              0x10000000         0x00010000         xrw
*default*        0x00000000         0xffffffff

Linker script and memory map

LOAD ./USB/MIDIstream_class/usbh_midi_core.o
LOAD C:\Users\CNous\AppData\Local\Temp\cc6wQodd.ltrans0.ltrans.o
LOAD C:\Users\CNous\AppData\Local\Temp\cc6wQodd.ltrans1.ltrans.o
LOAD C:\Users\CNous\AppData\Local\Temp\cc6wQodd.ltrans2.ltrans.o
LOAD C:\Users\CNous\AppData\Local\Temp\cc6wQodd.ltrans3.ltrans.o
LOAD C:\Users\CNous\AppData\Local\Temp\cc6wQodd.ltrans4.ltrans.o
LOAD C:\Users\CNous\AppData\Local\Temp\cc6wQodd.ltrans5.ltrans.o
LOAD C:\Users\CNous\AppData\Local\Temp\cc6wQodd.ltrans6.ltrans.o
LOAD C:\Users\CNous\AppData\Local\Temp\cc6wQodd.ltrans7.ltrans.o
LOAD C:\Users\CNous\AppData\Local\Temp\cc6wQodd.ltrans8.ltrans.o
LOAD c:/program files/gnu tools arm embedded/4.8 2013q4/bin/../lib/gcc/arm-none-eabi/4.8.3/armv7e-m/fpu\libgcc.a
LOAD c:/program files/gnu tools arm embedded/4.8 2013q4/bin/../lib/gcc/arm-none-eabi/4.8.3/../../../../arm-none-eabi/lib/armv7e-m/fpu\libc.a
LOAD ./USB/usb_bsp.o
LOAD ./USB/usbh_usr.o
LOAD ./System/my_stm32f4_discovery.o
LOAD ./System/my_stm32f4_discovery_audio_codec.o
LOAD ./System/startup_stm32f4xx.o
LOAD ./System/stm32fxxx_it.o
LOAD ./System/system_stm32f4xx.o
LOAD ./Synth/adsr.o
LOAD ./Synth/audio.o
LOAD ./Synth/blepvco.o
LOAD ./Synth/chorusFD.o
LOAD ./Synth/delay.o
LOAD ./Synth/drifter.o
LOAD ./Synth/main.o
LOAD ./Synth/math_tools.o
LOAD ./Synth/midi_interface.o
LOAD ./Synth/minblep_tables.o
LOAD ./Synth/notesTables.o
LOAD ./Synth/oscillators.o
LOAD ./Synth/random.o
LOAD ./Synth/resonantFilter.o
LOAD ./Synth/sequencer.o
LOAD ./Synth/sinetable.o
LOAD ./Synth/soundGen.o
LOAD ./Synth/timers.o
LOAD ./Lib/STM32_USB_OTG_Driver/src/usb_core.o
LOAD ./Lib/STM32_USB_OTG_Driver/src/usb_hcd.o
LOAD ./Lib/STM32_USB_OTG_Driver/src/usb_hcd_int.o
LOAD ./Lib/STM32_USB_HOST_Library/Core/src/usbh_core.o
LOAD ./Lib/STM32_USB_HOST_Library/Core/src/usbh_hcs.o
LOAD ./Lib/STM32_USB_HOST_Library/Core/src/usbh_ioreq.o
LOAD ./Lib/STM32_USB_HOST_Library/Core/src/usbh_stdreq.o
LOAD ./Lib/STM32F4xx_StdPeriph_Driver/src/misc.o
LOAD ./Lib/STM32F4xx_StdPeriph_Driver/src/stm32f4xx_dac.o
LOAD ./Lib/STM32F4xx_StdPeriph_Driver/src/stm32f4xx_dma.o
LOAD ./Lib/STM32F4xx_StdPeriph_Driver/src/stm32f4xx_exti.o
LOAD ./Lib/STM32F4xx_StdPeriph_Driver/src/stm32f4xx_gpio.o
LOAD ./Lib/STM32F4xx_StdPeriph_Driver/src/stm32f4xx_i2c.o
LOAD ./Lib/STM32F4xx_StdPeriph_Driver/src/stm32f4xx_rcc.o
LOAD ./Lib/STM32F4xx_StdPeriph_Driver/src/stm32f4xx_rng.o
LOAD ./Lib/STM32F4xx_StdPeriph_Driver/src/stm32f4xx_spi.o
LOAD ./Lib/STM32F4xx_StdPeriph_Driver/src/stm32f4xx_syscfg.o
LOAD ./Lib/STM32F4xx_StdPeriph_Driver/src/stm32f4xx_tim.o
LOAD c:/program files/gnu tools arm embedded/4.8 2013q4/bin/../lib/gcc/arm-none-eabi/4.8.3/../../../../arm-none-eabi/lib/armv7e-m/fpu\libm.a
START GROUP
LOAD c:/program files/gnu tools arm embedded/4.8 2013q4/bin/../lib/gcc/arm-none-eabi/4.8.3/armv7e-m/fpu\libgcc.a
LOAD c:/program files/gnu tools arm embedded/4.8 2013q4/bin/../lib/gcc/arm-none-eabi/4.8.3/../../../../arm-none-eabi/lib/armv7e-m/fpu\libc.a
END GROUP
                0x20020000                _eram = 0x20020000

.ccm            0x10000000     0x3eac
                0x10000000                . = ALIGN (0x4)
 *(.ccm)
 .ccm           0x10000000     0x3ea8 C:\Users\CNous\AppData\Local\Temp\cc6wQodd.ltrans0.ltrans.o
                0x10000000                a
                0x1000002c                mbSawOsc
                0x10000578                mbRectOsc
                0x10000ad4                mbTriOsc
                0x1000102c                env.7421
                0x10001030                vol.7422
                0x10001034                sound.7416
                0x10001035                autoFilterON.7419
                0x10001036                autoSound.7413
                0x10001037                chorusON.7420
                0x10001038                delayON.7418
                0x1000103c                d1
                0x10001068                d2
                0x10001094                d3
                0x100010c0                seq
                0x100010f4                noteG
                0x10001104                adsr
                0x1000112c                delL.6037
                0x10002724                delR.6034
                0x10003d1c                lfoL.6038
                0x10003d2c                lfoR.6036
                0x10003d3c                SVFilter
                0x10003d5c                SVFilter2
                0x10003d7c                op1
                0x10003d9c                op2
                0x10003dbc                op3
                0x10003ddc                op4
                0x10003dfc                vibr_lfo
                0x10003e1c                filt_lfo
                0x10003e3c                filt2_lfo
                0x10003e5c                amp_lfo
                0x10003e7c                ph
 .ccm           0x10003ea8        0x4 C:\Users\CNous\AppData\Local\Temp\cc6wQodd.ltrans1.ltrans.o
 *(.ccm.*)
                0x10003eac                . = ALIGN (0x4)

.text           0x08000000    0x1cb8a
 *(.isr_vector .isr_vector.*)
 .isr_vector    0x08000000      0x188 C:\Users\CNous\AppData\Local\Temp\cc6wQodd.ltrans7.ltrans.o
                0x08000000                g_pfnVectors
 *(.text .text.* .gnu.linkonce.t.*)
 .text.startup.main
                0x08000188     0x23ec C:\Users\CNous\AppData\Local\Temp\cc6wQodd.ltrans0.ltrans.o
                0x08000188                main
 .text.make_sound.constprop.55
                0x08002574     0x3928 C:\Users\CNous\AppData\Local\Temp\cc6wQodd.ltrans1.ltrans.o
                0x08002574                make_sound.constprop.55
 .text.SysTick_Handler
                0x08005e9c       0xc4 C:\Users\CNous\AppData\Local\Temp\cc6wQodd.ltrans2.ltrans.o
                0x08005e9c                SysTick_Handler
 .text.USBH_USR_DeviceNotSupported
                0x08005f60       0x10 C:\Users\CNous\AppData\Local\Temp\cc6wQodd.ltrans2.ltrans.o
                0x08005f60                USBH_USR_DeviceNotSupported
 .text.USBH_USR_DeviceDisconnected
                0x08005f70       0x10 C:\Users\CNous\AppData\Local\Temp\cc6wQodd.ltrans2.ltrans.o
                0x08005f70                USBH_USR_DeviceDisconnected
 .text.USBH_USR_EnumerationDone
                0x08005f80       0x10 C:\Users\CNous\AppData\Local\Temp\cc6wQodd.ltrans2.ltrans.o
                0x08005f80                USBH_USR_EnumerationDone
 .text.USBH_USR_OverCurrentDetected
                0x08005f90       0x10 C:\Users\CNous\AppData\Local\Temp\cc6wQodd.ltrans2.ltrans.o
                0x08005f90                USBH_USR_OverCurrentDetected
 .text.SPI3_IRQHandler
                0x08005fa0       0x40 C:\Users\CNous\AppData\Local\Temp\cc6wQodd.ltrans2.ltrans.o
                0x08005fa0                SPI3_IRQHandler
 .text.TIM2_IRQHandler
                0x08005fe0       0x3c C:\Users\CNous\AppData\Local\Temp\cc6wQodd.ltrans2.ltrans.o
                0x08005fe0                TIM2_IRQHandler
 .text.USBH_USR_UnrecoveredError
                0x0800601c       0x10 C:\Users\CNous\AppData\Local\Temp\cc6wQodd.ltrans2.ltrans.o
                0x0800601c                USBH_USR_UnrecoveredError
 .text.EXTI1_IRQHandler
                0x0800602c       0x20 C:\Users\CNous\AppData\Local\Temp\cc6wQodd.ltrans2.ltrans.o
                0x0800602c                EXTI1_IRQHandler
 .text.USBH_SOF
                0x0800604c        0x4 C:\Users\CNous\AppData\Local\Temp\cc6wQodd.ltrans2.ltrans.o
                0x0800604c                USBH_SOF
 .text.USBH_Disconnected
                0x08006050        0xc C:\Users\CNous\AppData\Local\Temp\cc6wQodd.ltrans2.ltrans.o
                0x08006050                USBH_Disconnected
 .text.USBH_Connected
                0x0800605c        0xc C:\Users\CNous\AppData\Local\Temp\cc6wQodd.ltrans2.ltrans.o
                0x0800605c                USBH_Connected
 .text.PendSV_Handler
                0x08006068        0x4 C:\Users\CNous\AppData\Local\Temp\cc6wQodd.ltrans2.ltrans.o
                0x08006068                PendSV_Handler
 .text.DebugMon_Handler
                0x0800606c        0x4 C:\Users\CNous\AppData\Local\Temp\cc6wQodd.ltrans2.ltrans.o
                0x0800606c                DebugMon_Handler
 .text.SVC_Handler
                0x08006070        0x4 C:\Users\CNous\AppData\Local\Temp\cc6wQodd.ltrans2.ltrans.o
                0x08006070                SVC_Handler
 .text.UsageFault_Handler
                0x08006074        0x4 C:\Users\CNous\AppData\Local\Temp\cc6wQodd.ltrans2.ltrans.o
                0x08006074                UsageFault_Handler
 .text.BusFault_Handler
                0x08006078        0x4 C:\Users\CNous\AppData\Local\Temp\cc6wQodd.ltrans2.ltrans.o
                0x08006078                BusFault_Handler
 .text.MemManage_Handler
                0x0800607c        0x4 C:\Users\CNous\AppData\Local\Temp\cc6wQodd.ltrans2.ltrans.o
                0x0800607c                MemManage_Handler
 .text.HardFault_Handler
                0x08006080        0x4 C:\Users\CNous\AppData\Local\Temp\cc6wQodd.ltrans2.ltrans.o
                0x08006080                HardFault_Handler
 .text.NMI_Handler
                0x08006084        0x4 C:\Users\CNous\AppData\Local\Temp\cc6wQodd.ltrans2.ltrans.o
                0x08006084                NMI_Handler
 .text.USBH_USR_MIDI_Application
                0x08006088        0x4 C:\Users\CNous\AppData\Local\Temp\cc6wQodd.ltrans2.ltrans.o
                0x08006088                USBH_USR_MIDI_Application
 .text.USBH_USR_DeInit
                0x0800608c        0x4 C:\Users\CNous\AppData\Local\Temp\cc6wQodd.ltrans2.ltrans.o
                0x0800608c                USBH_USR_DeInit
 .text.USBH_USR_UserInput
                0x08006090        0x4 C:\Users\CNous\AppData\Local\Temp\cc6wQodd.ltrans2.ltrans.o
                0x08006090                USBH_USR_UserInput
 .text.USBH_USR_SerialNum_String
                0x08006094        0x4 C:\Users\CNous\AppData\Local\Temp\cc6wQodd.ltrans2.ltrans.o
                0x08006094                USBH_USR_SerialNum_String
 .text.USBH_USR_Product_String
                0x08006098        0x4 C:\Users\CNous\AppData\Local\Temp\cc6wQodd.ltrans2.ltrans.o
                0x08006098                USBH_USR_Product_String
 .text.USBH_USR_Manufacturer_String
                0x0800609c        0x4 C:\Users\CNous\AppData\Local\Temp\cc6wQodd.ltrans2.ltrans.o
                0x0800609c                USBH_USR_Manufacturer_String
 .text.USBH_USR_Configuration_DescAvailable
                0x080060a0        0x4 C:\Users\CNous\AppData\Local\Temp\cc6wQodd.ltrans2.ltrans.o
                0x080060a0                USBH_USR_Configuration_DescAvailable
 .text.USBH_USR_DeviceAddressAssigned
                0x080060a4        0x4 C:\Users\CNous\AppData\Local\Temp\cc6wQodd.ltrans2.ltrans.o
                0x080060a4                USBH_USR_DeviceAddressAssigned
 .text.USBH_USR_Device_DescAvailable
                0x080060a8        0x4 C:\Users\CNous\AppData\Local\Temp\cc6wQodd.ltrans2.ltrans.o
                0x080060a8                USBH_USR_Device_DescAvailable
 .text.USBH_USR_DeviceSpeedDetected
                0x080060ac        0x4 C:\Users\CNous\AppData\Local\Temp\cc6wQodd.ltrans2.ltrans.o
                0x080060ac                USBH_USR_DeviceSpeedDetected
 .text.USBH_USR_ResetDevice
                0x080060b0        0x4 C:\Users\CNous\AppData\Local\Temp\cc6wQodd.ltrans2.ltrans.o
                0x080060b0                USBH_USR_ResetDevice
 .text.USBH_USR_DeviceAttached
                0x080060b4        0x4 C:\Users\CNous\AppData\Local\Temp\cc6wQodd.ltrans2.ltrans.o
                0x080060b4                USBH_USR_DeviceAttached
 .text.USBH_USR_Init
                0x080060b8        0x4 C:\Users\CNous\AppData\Local\Temp\cc6wQodd.ltrans2.ltrans.o
                0x080060b8                USBH_USR_Init
 .text.USBH_MIDI_ClassRequest.4167
                0x080060bc        0x4 C:\Users\CNous\AppData\Local\Temp\cc6wQodd.ltrans2.ltrans.o
                0x080060bc                USBH_MIDI_ClassRequest.4167
 .text.delay_read.4604
                0x080060c0       0xf8 C:\Users\CNous\AppData\Local\Temp\cc6wQodd.ltrans2.ltrans.o
 .text.USB_OTG_ResetPort
                0x080061b8      0x110 C:\Users\CNous\AppData\Local\Temp\cc6wQodd.ltrans2.ltrans.o
                0x080061b8                USB_OTG_ResetPort
 .text.BSP_Delay.4435
                0x080062c8       0x90 C:\Users\CNous\AppData\Local\Temp\cc6wQodd.ltrans2.ltrans.o
                0x080062c8                BSP_Delay.4435
 .text.SVF_calcSample
                0x08006358      0x244 C:\Users\CNous\AppData\Local\Temp\cc6wQodd.ltrans2.ltrans.o
                0x08006358                SVF_calcSample
 .text.drifter_newSegment
                0x0800659c       0x98 C:\Users\CNous\AppData\Local\Temp\cc6wQodd.ltrans2.ltrans.o
                0x0800659c                drifter_newSegment
 .text.seq_sequence_new
                0x08006634       0xb8 C:\Users\CNous\AppData\Local\Temp\cc6wQodd.ltrans2.ltrans.o
                0x08006634                seq_sequence_new
 .text.unlikely.USB_OTG_CoreReset.7525.constprop.13
                0x080066ec       0x58 C:\Users\CNous\AppData\Local\Temp\cc6wQodd.ltrans2.ltrans.o
                0x080066ec                USB_OTG_CoreReset.7525.constprop.13
 .text.USB_OTG_HC_StartXfer.constprop.111
                0x08006744      0x134 C:\Users\CNous\AppData\Local\Temp\cc6wQodd.ltrans2.ltrans.o
                0x08006744                USB_OTG_HC_StartXfer.constprop.111
 .text.DMA_Init.constprop.49
                0x08006878       0x8c C:\Users\CNous\AppData\Local\Temp\cc6wQodd.ltrans2.ltrans.o
                0x08006878                DMA_Init.constprop.49
 .text.RCC_APB1PeriphResetCmd.part.8.10603
                0x08006904       0x10 C:\Users\CNous\AppData\Local\Temp\cc6wQodd.ltrans2.ltrans.o
                0x08006904                RCC_APB1PeriphResetCmd.part.8.10603
 .text.GPIO_Init
                0x08006914       0xc0 C:\Users\CNous\AppData\Local\Temp\cc6wQodd.ltrans2.ltrans.o
                0x08006914                GPIO_Init
 .text.unlikely.USB_OTG_BSP_ConfigVBUS
                0x080069d4       0x48 C:\Users\CNous\AppData\Local\Temp\cc6wQodd.ltrans2.ltrans.o
                0x080069d4                USB_OTG_BSP_ConfigVBUS
 .text.STM_EVAL_LEDInit
                0x08006a1c       0x50 C:\Users\CNous\AppData\Local\Temp\cc6wQodd.ltrans2.ltrans.o
                0x08006a1c                STM_EVAL_LEDInit
 .text.NVIC_Init
                0x08006a6c       0x74 C:\Users\CNous\AppData\Local\Temp\cc6wQodd.ltrans2.ltrans.o
                0x08006a6c                NVIC_Init
 .text.USB_OTG_HC_Init
                0x08006ae0       0xe4 C:\Users\CNous\AppData\Local\Temp\cc6wQodd.ltrans2.ltrans.o
                0x08006ae0                USB_OTG_HC_Init
 .text.USBH_MIDI_InterfaceInit.4189
                0x08006bc4      0x270 C:\Users\CNous\AppData\Local\Temp\cc6wQodd.ltrans2.ltrans.o
                0x08006bc4                USBH_MIDI_InterfaceInit.4189
 .text.mono_chorus_compute
                0x08006e34      0x14c C:\Users\CNous\AppData\Local\Temp\cc6wQodd.ltrans2.ltrans.o
                0x08006e34                mono_chorus_compute
 .text.Default_Handler.5167.4624
                0x08006f80        0x4 C:\Users\CNous\AppData\Local\Temp\cc6wQodd.ltrans2.ltrans.o
                0x08006f80                RTC_Alarm_IRQHandler
                0x08006f80                HASH_RNG_IRQHandler
                0x08006f80                EXTI2_IRQHandler
                0x08006f80                TIM8_CC_IRQHandler
                0x08006f80                TIM1_CC_IRQHandler
                0x08006f80                DMA2_Stream5_IRQHandler
                0x08006f80                DMA1_Stream5_IRQHandler
                0x08006f80                PVD_IRQHandler
                0x08006f80                SDIO_IRQHandler
                0x08006f80                TAMP_STAMP_IRQHandler
                0x08006f80                CAN2_RX1_IRQHandler
                0x08006f80                EXTI3_IRQHandler
                0x08006f80                TIM8_TRG_COM_TIM14_IRQHandler
                0x08006f80                TIM1_UP_TIM10_IRQHandler
                0x08006f80                TIM8_UP_TIM13_IRQHandler
                0x08006f80                I2C3_ER_IRQHandler
                0x08006f80                EXTI0_IRQHandler
                0x08006f80                I2C2_EV_IRQHandler
                0x08006f80                DMA1_Stream2_IRQHandler
                0x08006f80                CAN1_RX0_IRQHandler
                0x08006f80                FPU_IRQHandler
                0x08006f80                OTG_HS_WKUP_IRQHandler
                0x08006f80                CAN2_SCE_IRQHandler
                0x08006f80                DMA2_Stream2_IRQHandler
                0x08006f80                SPI1_IRQHandler
                0x08006f80                TIM6_DAC_IRQHandler
                0x08006f80                TIM1_BRK_TIM9_IRQHandler
                0x08006f80                DCMI_IRQHandler
                0x08006f80                CAN2_RX0_IRQHandler
                0x08006f80                DMA2_Stream3_IRQHandler
                0x08006f80                USART6_IRQHandler
                0x08006f80                USART3_IRQHandler
                0x08006f80                CRYP_IRQHandler
                0x08006f80                CAN1_RX1_IRQHandler
                0x08006f80                UART5_IRQHandler
                0x08006f80                DMA2_Stream0_IRQHandler
                0x08006f80                TIM4_IRQHandler
                0x08006f80                I2C1_EV_IRQHandler
                0x08006f80                DMA1_Stream6_IRQHandler
                0x08006f80                DMA1_Stream1_IRQHandler
                0x08006f80                UART4_IRQHandler
                0x08006f80                TIM3_IRQHandler
                0x08006f80                RCC_IRQHandler
                0x08006f80                TIM8_BRK_TIM12_IRQHandler
                0x08006f80                EXTI15_10_IRQHandler
                0x08006f80                ADC_IRQHandler
                0x08006f80                TIM7_IRQHandler
                0x08006f80                CAN2_TX_IRQHandler
                0x08006f80                TIM5_IRQHandler
                0x08006f80                DMA2_Stream7_IRQHandler
                0x08006f80                I2C3_EV_IRQHandler
                0x08006f80                EXTI9_5_IRQHandler
                0x08006f80                RTC_WKUP_IRQHandler
                0x08006f80                ETH_WKUP_IRQHandler
                0x08006f80                SPI2_IRQHandler
                0x08006f80                OTG_HS_EP1_IN_IRQHandler
                0x08006f80                CAN1_TX_IRQHandler
                0x08006f80                EXTI4_IRQHandler
                0x08006f80                FSMC_IRQHandler
                0x08006f80                ETH_IRQHandler
                0x08006f80                OTG_HS_EP1_OUT_IRQHandler
                0x08006f80                WWDG_IRQHandler
                0x08006f80                OTG_FS_WKUP_IRQHandler
                0x08006f80                TIM1_TRG_COM_TIM11_IRQHandler
                0x08006f80                OTG_HS_IRQHandler
                0x08006f80                USART2_IRQHandler
                0x08006f80                I2C2_ER_IRQHandler
                0x08006f80                DMA2_Stream1_IRQHandler
                0x08006f80                CAN1_SCE_IRQHandler
                0x08006f80                FLASH_IRQHandler
                0x08006f80                DMA2_Stream4_IRQHandler
                0x08006f80                USART1_IRQHandler
                0x08006f80                DMA1_Stream4_IRQHandler
                0x08006f80                I2C1_ER_IRQHandler
                0x08006f80                DMA2_Stream6_IRQHandler
                0x08006f80                DMA1_Stream3_IRQHandler
 .text.USBH_MIDI_Handle.4181
                0x08006f84     0x1590 C:\Users\CNous\AppData\Local\Temp\cc6wQodd.ltrans3.ltrans.o
                0x08006f84                USBH_MIDI_Handle.4181
 .text.MagicPatch.part.1.6493
                0x08008514      0xc2c C:\Users\CNous\AppData\Local\Temp\cc6wQodd.ltrans4.ltrans.o
                0x08008514                MagicPatch.part.1.6493
 .text.USBH_MIDI_InterfaceDeInit.4173
                0x08009140       0xcc C:\Users\CNous\AppData\Local\Temp\cc6wQodd.ltrans5.ltrans.o
                0x08009140                USBH_MIDI_InterfaceDeInit.4173
 .text.MagicFX.part.0.6491
                0x0800920c      0x328 C:\Users\CNous\AppData\Local\Temp\cc6wQodd.ltrans5.ltrans.o
                0x0800920c                MagicFX.part.0.6491
 .text.Codec_WriteRegister.4974
                0x08009534      0x358 C:\Users\CNous\AppData\Local\Temp\cc6wQodd.ltrans5.ltrans.o
                0x08009534                Codec_WriteRegister.4974
 .text.USB_OTG_USBH_handle_hc_n_Out_ISR.8373
                0x0800988c      0xb3c C:\Users\CNous\AppData\Local\Temp\cc6wQodd.ltrans6.ltrans.o
                0x0800988c                USB_OTG_USBH_handle_hc_n_Out_ISR.8373
 .text.USB_OTG_USBH_handle_port_ISR.8370
                0x0800a3c8      0x1a8 C:\Users\CNous\AppData\Local\Temp\cc6wQodd.ltrans6.ltrans.o
                0x0800a3c8                USB_OTG_USBH_handle_port_ISR.8370
 .text.USB_OTG_USBH_handle_ptxfempty_ISR.8367
                0x0800a570      0x1e4 C:\Users\CNous\AppData\Local\Temp\cc6wQodd.ltrans6.ltrans.o
                0x0800a570                USB_OTG_USBH_handle_ptxfempty_ISR.8367
 .text.USB_OTG_USBH_handle_nptxfempty_ISR.8364
                0x0800a754      0x1e4 C:\Users\CNous\AppData\Local\Temp\cc6wQodd.ltrans6.ltrans.o
                0x0800a754                USB_OTG_USBH_handle_nptxfempty_ISR.8364
 .text.USB_OTG_USBH_handle_Disconnect_ISR.8361
                0x0800a938       0x34 C:\Users\CNous\AppData\Local\Temp\cc6wQodd.ltrans6.ltrans.o
                0x0800a938                USB_OTG_USBH_handle_Disconnect_ISR.8361
 .text.USB_OTG_USBH_handle_sof_ISR.8218
                0x0800a96c       0x34 C:\Users\CNous\AppData\Local\Temp\cc6wQodd.ltrans6.ltrans.o
                0x0800a96c                USB_OTG_USBH_handle_sof_ISR.8218
 .text.Default_Reset_Handler.4199
                0x0800a9a0      0x174 C:\Users\CNous\AppData\Local\Temp\cc6wQodd.ltrans6.ltrans.o
                0x0800a9a0                Reset_Handler
 .text.USB_OTG_USBH_handle_IncompletePeriodicXfer_ISR.8387.4166
                0x0800ab14       0x50 C:\Users\CNous\AppData\Local\Temp\cc6wQodd.ltrans7.ltrans.o
 .text.USB_OTG_USBH_handle_rx_qlvl_ISR.8384.4169
                0x0800ab64      0x1cc C:\Users\CNous\AppData\Local\Temp\cc6wQodd.ltrans7.ltrans.o
 .text.USB_OTG_USBH_handle_hc_n_In_ISR.8377.4183
                0x0800ad30      0xa48 C:\Users\CNous\AppData\Local\Temp\cc6wQodd.ltrans7.ltrans.o
 .text.USB_OTG_USBH_handle_hc_ISR.8381.4177
                0x0800b778       0x90 C:\Users\CNous\AppData\Local\Temp\cc6wQodd.ltrans7.ltrans.o
 .text.USBH_OTG_ISR_Handler.4013
                0x0800b808      0x128 C:\Users\CNous\AppData\Local\Temp\cc6wQodd.ltrans7.ltrans.o
 .text.OTG_FS_IRQHandler.4010
                0x0800b930        0xc C:\Users\CNous\AppData\Local\Temp\cc6wQodd.ltrans7.ltrans.o
 .text.DMA1_Stream0_IRQHandler
                0x0800b93c       0x58 C:\Users\CNous\AppData\Local\Temp\cc6wQodd.ltrans8.ltrans.o
                0x0800b93c                DMA1_Stream0_IRQHandler
 .text.DMA1_Stream7_IRQHandler
                0x0800b994       0x58 C:\Users\CNous\AppData\Local\Temp\cc6wQodd.ltrans8.ltrans.o
                0x0800b994                DMA1_Stream7_IRQHandler
 .text.fabsf    0x0800b9ec       0x10 c:/program files/gnu tools arm embedded/4.8 2013q4/bin/../lib/gcc/arm-none-eabi/4.8.3/../../../../arm-none-eabi/lib/armv7e-m/fpu\libm.a(lib_a-sf_fabs.o)
                0x0800b9ec                fabsf
 .text.floorf   0x0800b9fc       0xa0 c:/program files/gnu tools arm embedded/4.8 2013q4/bin/../lib/gcc/arm-none-eabi/4.8.3/../../../../arm-none-eabi/lib/armv7e-m/fpu\libm.a(lib_a-sf_floor.o)
                0x0800b9fc                floorf
 .text.lrintf   0x0800ba9c       0x94 c:/program files/gnu tools arm embedded/4.8 2013q4/bin/../lib/gcc/arm-none-eabi/4.8.3/../../../../arm-none-eabi/lib/armv7e-m/fpu\libm.a(lib_a-sf_lrint.o)
                0x0800ba9c                lrintf
 .text.rintf    0x0800bb30       0xd0 c:/program files/gnu tools arm embedded/4.8 2013q4/bin/../lib/gcc/arm-none-eabi/4.8.3/../../../../arm-none-eabi/lib/armv7e-m/fpu\libm.a(lib_a-sf_rint.o)
                0x0800bb30                rintf
 .text.sinf     0x0800bc00       0x7c c:/program files/gnu tools arm embedded/4.8 2013q4/bin/../lib/gcc/arm-none-eabi/4.8.3/../../../../arm-none-eabi/lib/armv7e-m/fpu\libm.a(lib_a-sf_sin.o)
                0x0800bc00                sinf
 .text.powf     0x0800bc7c      0x348 c:/program files/gnu tools arm embedded/4.8 2013q4/bin/../lib/gcc/arm-none-eabi/4.8.3/../../../../arm-none-eabi/lib/armv7e-m/fpu\libm.a(lib_a-wf_pow.o)
                0x0800bc7c                powf
 .text.__ieee754_powf
                0x0800bfc4      0x5c8 c:/program files/gnu tools arm embedded/4.8 2013q4/bin/../lib/gcc/arm-none-eabi/4.8.3/../../../../arm-none-eabi/lib/armv7e-m/fpu\libm.a(lib_a-ef_pow.o)
                0x0800bfc4                __ieee754_powf
 .text.__ieee754_rem_pio2f
                0x0800c58c      0x28c c:/program files/gnu tools arm embedded/4.8 2013q4/bin/../lib/gcc/arm-none-eabi/4.8.3/../../../../arm-none-eabi/lib/armv7e-m/fpu\libm.a(lib_a-ef_rem_pio2.o)
                0x0800c58c                __ieee754_rem_pio2f
 .text.__ieee754_sqrtf
                0x0800c818       0xa4 c:/program files/gnu tools arm embedded/4.8 2013q4/bin/../lib/gcc/arm-none-eabi/4.8.3/../../../../arm-none-eabi/lib/armv7e-m/fpu\libm.a(lib_a-ef_sqrt.o)
                0x0800c818                __ieee754_sqrtf
 .text.__kernel_cosf
                0x0800c8bc      0x104 c:/program files/gnu tools arm embedded/4.8 2013q4/bin/../lib/gcc/arm-none-eabi/4.8.3/../../../../arm-none-eabi/lib/armv7e-m/fpu\libm.a(lib_a-kf_cos.o)
                0x0800c8bc                __kernel_cosf
 .text.__kernel_rem_pio2f
                0x0800c9c0      0x5cc c:/program files/gnu tools arm embedded/4.8 2013q4/bin/../lib/gcc/arm-none-eabi/4.8.3/../../../../arm-none-eabi/lib/armv7e-m/fpu\libm.a(lib_a-kf_rem_pio2.o)
                0x0800c9c0                __kernel_rem_pio2f
 .text.__kernel_sinf
                0x0800cf8c       0x90 c:/program files/gnu tools arm embedded/4.8 2013q4/bin/../lib/gcc/arm-none-eabi/4.8.3/../../../../arm-none-eabi/lib/armv7e-m/fpu\libm.a(lib_a-kf_sin.o)
                0x0800cf8c                __kernel_sinf
 .text.matherr  0x0800d01c        0x4 c:/program files/gnu tools arm embedded/4.8 2013q4/bin/../lib/gcc/arm-none-eabi/4.8.3/../../../../arm-none-eabi/lib/armv7e-m/fpu\libm.a(lib_a-s_matherr.o)
                0x0800d01c                matherr
 .text.rint     0x0800d020      0x120 c:/program files/gnu tools arm embedded/4.8 2013q4/bin/../lib/gcc/arm-none-eabi/4.8.3/../../../../arm-none-eabi/lib/armv7e-m/fpu\libm.a(lib_a-s_rint.o)
                0x0800d020                rint
 .text.finitef  0x0800d140       0x14 c:/program files/gnu tools arm embedded/4.8 2013q4/bin/../lib/gcc/arm-none-eabi/4.8.3/../../../../arm-none-eabi/lib/armv7e-m/fpu\libm.a(lib_a-sf_finite.o)
                0x0800d140                finitef
 .text.__fpclassifyf
                0x0800d154       0x38 c:/program files/gnu tools arm embedded/4.8 2013q4/bin/../lib/gcc/arm-none-eabi/4.8.3/../../../../arm-none-eabi/lib/armv7e-m/fpu\libm.a(lib_a-sf_fpclassify.o)
                0x0800d154                __fpclassifyf
 .text.nanf     0x0800d18c        0xc c:/program files/gnu tools arm embedded/4.8 2013q4/bin/../lib/gcc/arm-none-eabi/4.8.3/../../../../arm-none-eabi/lib/armv7e-m/fpu\libm.a(lib_a-sf_nan.o)
                0x0800d18c                nanf
 .text.scalbnf  0x0800d198       0xd8 c:/program files/gnu tools arm embedded/4.8 2013q4/bin/../lib/gcc/arm-none-eabi/4.8.3/../../../../arm-none-eabi/lib/armv7e-m/fpu\libm.a(lib_a-sf_scalbn.o)
                0x0800d198                scalbnf
 .text.copysignf
                0x0800d270       0x18 c:/program files/gnu tools arm embedded/4.8 2013q4/bin/../lib/gcc/arm-none-eabi/4.8.3/../../../../arm-none-eabi/lib/armv7e-m/fpu\libm.a(lib_a-sf_copysign.o)
                0x0800d270                copysignf
 .text          0x0800d288      0x370 c:/program files/gnu tools arm embedded/4.8 2013q4/bin/../lib/gcc/arm-none-eabi/4.8.3/armv7e-m/fpu\libgcc.a(_arm_addsubdf3.o)
                0x0800d288                __aeabi_drsub
                0x0800d290                __aeabi_dsub
                0x0800d290                __subdf3
                0x0800d294                __aeabi_dadd
                0x0800d294                __adddf3
                0x0800d50c                __floatunsidf
                0x0800d50c                __aeabi_ui2d
                0x0800d52c                __floatsidf
                0x0800d52c                __aeabi_i2d
                0x0800d550                __aeabi_f2d
                0x0800d550                __extendsfdf2
                0x0800d58c                __floatundidf
                0x0800d58c                __aeabi_ul2d
                0x0800d59c                __floatdidf
                0x0800d59c                __aeabi_l2d
 .text          0x0800d5f8      0x424 c:/program files/gnu tools arm embedded/4.8 2013q4/bin/../lib/gcc/arm-none-eabi/4.8.3/armv7e-m/fpu\libgcc.a(_arm_muldivdf3.o)
                0x0800d5f8                __aeabi_dmul
                0x0800d5f8                __muldf3
                0x0800d84c                __divdf3
                0x0800d84c                __aeabi_ddiv
 .text          0x0800da1c      0x110 c:/program files/gnu tools arm embedded/4.8 2013q4/bin/../lib/gcc/arm-none-eabi/4.8.3/armv7e-m/fpu\libgcc.a(_arm_cmpdf2.o)
                0x0800da1c                __gtdf2
                0x0800da1c                __gedf2
                0x0800da24                __ltdf2
                0x0800da24                __ledf2
                0x0800da2c                __nedf2
                0x0800da2c                __eqdf2
                0x0800da2c                __cmpdf2
                0x0800daa8                __aeabi_cdrcmple
                0x0800dab8                __aeabi_cdcmpeq
                0x0800dab8                __aeabi_cdcmple
                0x0800dac8                __aeabi_dcmpeq
                0x0800dadc                __aeabi_dcmplt
                0x0800daf0                __aeabi_dcmple
                0x0800db04                __aeabi_dcmpge
                0x0800db18                __aeabi_dcmpgt
 .text          0x0800db2c       0xa0 c:/program files/gnu tools arm embedded/4.8 2013q4/bin/../lib/gcc/arm-none-eabi/4.8.3/armv7e-m/fpu\libgcc.a(_arm_truncdfsf2.o)
                0x0800db2c                __truncdfsf2
                0x0800db2c                __aeabi_d2f
 .text          0x0800dbcc      0x134 c:/program files/gnu tools arm embedded/4.8 2013q4/bin/../lib/gcc/arm-none-eabi/4.8.3/../../../../arm-none-eabi/lib/armv7e-m/fpu\libc.a(lib_a-memcpy.o)
                0x0800dbcc                memcpy
 .text.memset   0x0800dd00       0x94 c:/program files/gnu tools arm embedded/4.8 2013q4/bin/../lib/gcc/arm-none-eabi/4.8.3/../../../../arm-none-eabi/lib/armv7e-m/fpu\libc.a(lib_a-memset.o)
                0x0800dd00                memset
 .text.srand    0x0800dd94       0x10 c:/program files/gnu tools arm embedded/4.8 2013q4/bin/../lib/gcc/arm-none-eabi/4.8.3/../../../../arm-none-eabi/lib/armv7e-m/fpu\libc.a(lib_a-rand.o)
                0x0800dd94                srand
 .text.rand     0x0800dda4       0x40 c:/program files/gnu tools arm embedded/4.8 2013q4/bin/../lib/gcc/arm-none-eabi/4.8.3/../../../../arm-none-eabi/lib/armv7e-m/fpu\libc.a(lib_a-rand.o)
                0x0800dda4                rand
 *fill*         0x0800dde4        0x4 
 .text.rand.__stub
                0x0800dde8       0x10 linker stubs
 *(.glue_7t)
 .glue_7t       0x00000000        0x0 linker stubs
 *(.glue_7)
 .glue_7        0x00000000        0x0 linker stubs
 *(.rodata .rodata* .gnu.linkonce.r.*)
 .rodata.CSWTCH.11.7090.7090
                0x0800ddf8       0x3c C:\Users\CNous\AppData\Local\Temp\cc6wQodd.ltrans0.ltrans.o
                0x0800ddf8                CSWTCH.11.7090.7090
 .rodata.MIDIscale04
                0x0800de34        0x8 C:\Users\CNous\AppData\Local\Temp\cc6wQodd.ltrans0.ltrans.o
                0x0800de34                MIDIscale04
 .rodata.MIDIscale02
                0x0800de3c        0x8 C:\Users\CNous\AppData\Local\Temp\cc6wQodd.ltrans0.ltrans.o
                0x0800de3c                MIDIscale02
 .rodata.MIDIscale01
                0x0800de44        0x8 C:\Users\CNous\AppData\Local\Temp\cc6wQodd.ltrans0.ltrans.o
                0x0800de44                MIDIscale01
 .rodata.MIDIscale05
                0x0800de4c        0x8 C:\Users\CNous\AppData\Local\Temp\cc6wQodd.ltrans0.ltrans.o
                0x0800de4c                MIDIscale05
 .rodata.MIDIscale03
                0x0800de54        0x8 C:\Users\CNous\AppData\Local\Temp\cc6wQodd.ltrans0.ltrans.o
                0x0800de54                MIDIscale03
 .rodata.MIDIscale06
                0x0800de5c        0x8 C:\Users\CNous\AppData\Local\Temp\cc6wQodd.ltrans0.ltrans.o
                0x0800de5c                MIDIscale06
 .rodata.str1.4
                0x0800de64        0x4 C:\Users\CNous\AppData\Local\Temp\cc6wQodd.ltrans0.ltrans.o
 .rodata.MIDIscale13
                0x0800de68        0x4 C:\Users\CNous\AppData\Local\Temp\cc6wQodd.ltrans0.ltrans.o
                0x0800de68                MIDIscale13
 .rodata.MIDIscale11
                0x0800de6c        0x8 C:\Users\CNous\AppData\Local\Temp\cc6wQodd.ltrans0.ltrans.o
                0x0800de6c                MIDIscale11
 .rodata.MIDIscale07
                0x0800de74        0x4 C:\Users\CNous\AppData\Local\Temp\cc6wQodd.ltrans0.ltrans.o
                0x0800de74                MIDIscale07
 .rodata.MIDIscale09
                0x0800de78        0x4 C:\Users\CNous\AppData\Local\Temp\cc6wQodd.ltrans0.ltrans.o
                0x0800de78                MIDIscale09
 .rodata.MIDIscale12
                0x0800de7c       0x10 C:\Users\CNous\AppData\Local\Temp\cc6wQodd.ltrans0.ltrans.o
                0x0800de7c                MIDIscale12
 .rodata.MIDIscale10
                0x0800de8c        0x8 C:\Users\CNous\AppData\Local\Temp\cc6wQodd.ltrans0.ltrans.o
                0x0800de8c                MIDIscale10
 .rodata.MIDIscale08
                0x0800de94        0x4 C:\Users\CNous\AppData\Local\Temp\cc6wQodd.ltrans0.ltrans.o
                0x0800de94                MIDIscale08
 .rodata.MIDIscale14
                0x0800de98        0x4 C:\Users\CNous\AppData\Local\Temp\cc6wQodd.ltrans0.ltrans.o
                0x0800de98                MIDIscale14
 .rodata.sinetable
                0x0800de9c     0x1004 C:\Users\CNous\AppData\Local\Temp\cc6wQodd.ltrans1.ltrans.o
                0x0800de9c                sinetable
 .rodata.step_dd_table
                0x0800eea0     0x9008 C:\Users\CNous\AppData\Local\Temp\cc6wQodd.ltrans1.ltrans.o
 .rodata.notesFreq
                0x08017ea8      0x1ac C:\Users\CNous\AppData\Local\Temp\cc6wQodd.ltrans1.ltrans.o
 .rodata.slope_dd_table.4381
                0x08018054     0x4704 C:\Users\CNous\AppData\Local\Temp\cc6wQodd.ltrans1.ltrans.o
 .rodata.GPIO_CLK.4839
                0x0801c758       0x10 C:\Users\CNous\AppData\Local\Temp\cc6wQodd.ltrans2.ltrans.o
 .rodata.USBH_HCD_INT_fops.4224
                0x0801c768        0x4 C:\Users\CNous\AppData\Local\Temp\cc6wQodd.ltrans6.ltrans.o
 .rodata.GPIO_PIN
                0x0801c76c        0x8 C:\Users\CNous\AppData\Local\Temp\cc6wQodd.ltrans8.ltrans.o
                0x0801c76c                GPIO_PIN
 .rodata.TWO23  0x0801c774        0x8 c:/program files/gnu tools arm embedded/4.8 2013q4/bin/../lib/gcc/arm-none-eabi/4.8.3/../../../../arm-none-eabi/lib/armv7e-m/fpu\libm.a(lib_a-sf_lrint.o)
 .rodata.TWO23  0x0801c77c        0x8 c:/program files/gnu tools arm embedded/4.8 2013q4/bin/../lib/gcc/arm-none-eabi/4.8.3/../../../../arm-none-eabi/lib/armv7e-m/fpu\libm.a(lib_a-sf_rint.o)
 .rodata.str1.4
                0x0801c784        0x5 c:/program files/gnu tools arm embedded/4.8 2013q4/bin/../lib/gcc/arm-none-eabi/4.8.3/../../../../arm-none-eabi/lib/armv7e-m/fpu\libm.a(lib_a-wf_pow.o)
                                  0x8 (size before relaxing)
 *fill*         0x0801c789        0x3 
 .rodata.dp_h   0x0801c78c        0x8 c:/program files/gnu tools arm embedded/4.8 2013q4/bin/../lib/gcc/arm-none-eabi/4.8.3/../../../../arm-none-eabi/lib/armv7e-m/fpu\libm.a(lib_a-ef_pow.o)
 .rodata.dp_l   0x0801c794        0x8 c:/program files/gnu tools arm embedded/4.8 2013q4/bin/../lib/gcc/arm-none-eabi/4.8.3/../../../../arm-none-eabi/lib/armv7e-m/fpu\libm.a(lib_a-ef_pow.o)
 .rodata.bp     0x0801c79c        0x8 c:/program files/gnu tools arm embedded/4.8 2013q4/bin/../lib/gcc/arm-none-eabi/4.8.3/../../../../arm-none-eabi/lib/armv7e-m/fpu\libm.a(lib_a-ef_pow.o)
 .rodata.str1.4
                0x00000000        0x5 c:/program files/gnu tools arm embedded/4.8 2013q4/bin/../lib/gcc/arm-none-eabi/4.8.3/../../../../arm-none-eabi/lib/armv7e-m/fpu\libm.a(lib_a-ef_pow.o)
                                  0x4 (size before relaxing)
 .rodata.npio2_hw
                0x0801c7a4       0x80 c:/program files/gnu tools arm embedded/4.8 2013q4/bin/../lib/gcc/arm-none-eabi/4.8.3/../../../../arm-none-eabi/lib/armv7e-m/fpu\libm.a(lib_a-ef_rem_pio2.o)
 .rodata.two_over_pi
                0x0801c824      0x318 c:/program files/gnu tools arm embedded/4.8 2013q4/bin/../lib/gcc/arm-none-eabi/4.8.3/../../../../arm-none-eabi/lib/armv7e-m/fpu\libm.a(lib_a-ef_rem_pio2.o)
 .rodata.init_jk
                0x0801cb3c        0xc c:/program files/gnu tools arm embedded/4.8 2013q4/bin/../lib/gcc/arm-none-eabi/4.8.3/../../../../arm-none-eabi/lib/armv7e-m/fpu\libm.a(lib_a-kf_rem_pio2.o)
 .rodata.PIo2   0x0801cb48       0x2c c:/program files/gnu tools arm embedded/4.8 2013q4/bin/../lib/gcc/arm-none-eabi/4.8.3/../../../../arm-none-eabi/lib/armv7e-m/fpu\libm.a(lib_a-kf_rem_pio2.o)
 *fill*         0x0801cb74        0x4 
 .rodata.TWO52  0x0801cb78       0x10 c:/program files/gnu tools arm embedded/4.8 2013q4/bin/../lib/gcc/arm-none-eabi/4.8.3/../../../../arm-none-eabi/lib/armv7e-m/fpu\libm.a(lib_a-s_rint.o)
 .rodata.str1.4
                0x0801cb88        0x2 c:/program files/gnu tools arm embedded/4.8 2013q4/bin/../lib/gcc/arm-none-eabi/4.8.3/../../../../arm-none-eabi/lib/armv7e-m/fpu\libc.a(lib_a-impure.o)
                                  0x4 (size before relaxing)

.vfp11_veneer   0x0801cb8c        0x0
 .vfp11_veneer  0x00000000        0x0 linker stubs

.v4_bx          0x0801cb8c        0x0
 .v4_bx         0x00000000        0x0 linker stubs

.iplt           0x0801cb8c        0x0
 .iplt          0x00000000        0x0 c:/program files/gnu tools arm embedded/4.8 2013q4/bin/../lib/gcc/arm-none-eabi/4.8.3/../../../../arm-none-eabi/lib/armv7e-m/fpu\libm.a(lib_a-sf_fabs.o)

.rel.dyn        0x0801cb8c        0x0
 .rel.iplt      0x00000000        0x0 c:/program files/gnu tools arm embedded/4.8 2013q4/bin/../lib/gcc/arm-none-eabi/4.8.3/../../../../arm-none-eabi/lib/armv7e-m/fpu\libm.a(lib_a-sf_fabs.o)

.ARM.extab
 *(.ARM.extab* .gnu.linkonce.armextab.*)
                0x0801cb8c                __exidx_start = .

.ARM.exidx
 *(.ARM.exidx* .gnu.linkonce.armexidx.*)
                0x0801cb8c                __exidx_end = .
                0x0801cb8c                . = ALIGN (0x4)
                0x0801cb8c                _etext = .
                0x0801cb8c                _sidata = .

.data           0x20000000      0x4dc load address 0x0801cb8c
                0x20000000                _sdata = .
 *(.data .data.*)
 .data.demoMode
                0x20000000        0x1 C:\Users\CNous\AppData\Local\Temp\cc6wQodd.ltrans0.ltrans.o
                0x20000000                demoMode
 *fill*         0x20000001        0x3 
 .data.APBAHBPrescTable.10815.5393
                0x20000004       0x10 C:\Users\CNous\AppData\Local\Temp\cc6wQodd.ltrans0.ltrans.o
 .data.AudioTotalSize
                0x20000014        0x4 C:\Users\CNous\AppData\Local\Temp\cc6wQodd.ltrans0.ltrans.o
 .data.CurrAudioInterface
                0x20000018        0x4 C:\Users\CNous\AppData\Local\Temp\cc6wQodd.ltrans0.ltrans.o
                0x20000018                CurrAudioInterface
 .data.MIDI_cb.5362
                0x2000001c       0x10 C:\Users\CNous\AppData\Local\Temp\cc6wQodd.ltrans0.ltrans.o
 .data.AudioRemSize
                0x2000002c        0x4 C:\Users\CNous\AppData\Local\Temp\cc6wQodd.ltrans0.ltrans.o
                0x2000002c                AudioRemSize
 .data.SystemCoreClock
                0x20000030        0x4 C:\Users\CNous\AppData\Local\Temp\cc6wQodd.ltrans0.ltrans.o
 .data.USR_Callbacks
                0x20000034       0x48 C:\Users\CNous\AppData\Local\Temp\cc6wQodd.ltrans0.ltrans.o
 .data.wet.6089
                0x2000007c        0x4 C:\Users\CNous\AppData\Local\Temp\cc6wQodd.ltrans1.ltrans.o
                0x2000007c                wet.6089
 .data.centralFreq
                0x20000080        0x4 C:\Users\CNous\AppData\Local\Temp\cc6wQodd.ltrans1.ltrans.o
                0x20000080                centralFreq
 .data.fdb.6088
                0x20000084        0x4 C:\Users\CNous\AppData\Local\Temp\cc6wQodd.ltrans1.ltrans.o
                0x20000084                fdb.6088
 .data.Count.4859.4780
                0x20000088        0x1 C:\Users\CNous\AppData\Local\Temp\cc6wQodd.ltrans2.ltrans.o
 .data.volume.5810.4711
                0x20000089        0x1 C:\Users\CNous\AppData\Local\Temp\cc6wQodd.ltrans3.ltrans.o
 *fill*         0x2000008a        0x2 
 .data.CODECTimeout.4368
                0x2000008c        0x4 C:\Users\CNous\AppData\Local\Temp\cc6wQodd.ltrans5.ltrans.o
 .data.USBH_HCD_INT_cb
                0x20000090        0xc C:\Users\CNous\AppData\Local\Temp\cc6wQodd.ltrans6.ltrans.o
 .data.GPIO_PORT
                0x2000009c       0x10 C:\Users\CNous\AppData\Local\Temp\cc6wQodd.ltrans8.ltrans.o
                0x2000009c                GPIO_PORT
 .data.__fdlib_version
                0x200000ac        0x1 c:/program files/gnu tools arm embedded/4.8 2013q4/bin/../lib/gcc/arm-none-eabi/4.8.3/../../../../arm-none-eabi/lib/armv7e-m/fpu\libm.a(lib_a-s_lib_ver.o)
                0x200000ac                __fdlib_version
 *fill*         0x200000ad        0x3 
 .data.impure_data
                0x200000b0      0x428 c:/program files/gnu tools arm embedded/4.8 2013q4/bin/../lib/gcc/arm-none-eabi/4.8.3/../../../../arm-none-eabi/lib/armv7e-m/fpu\libc.a(lib_a-impure.o)
 .data._impure_ptr
                0x200004d8        0x4 c:/program files/gnu tools arm embedded/4.8 2013q4/bin/../lib/gcc/arm-none-eabi/4.8.3/../../../../arm-none-eabi/lib/armv7e-m/fpu\libc.a(lib_a-impure.o)
                0x200004d8                _impure_ptr
                0x200004dc                . = ALIGN (0x4)
                0x200004dc                _edata = .

.igot.plt       0x200004dc        0x0 load address 0x0801d068
 .igot.plt      0x00000000        0x0 c:/program files/gnu tools arm embedded/4.8 2013q4/bin/../lib/gcc/arm-none-eabi/4.8.3/../../../../arm-none-eabi/lib/armv7e-m/fpu\libm.a(lib_a-sf_fabs.o)

.bss            0x200004dc    0x1ea3c load address 0x0801d068
                0x200004dc                _sbss = .
 *(.bss .bss.*)
 .bss.filterFreq2
                0x200004dc        0x4 C:\Users\CNous\AppData\Local\Temp\cc6wQodd.ltrans0.ltrans.o
                0x200004dc                filterFreq2
 .bss.prev_itf.8502.9912.5357
                0x200004e0        0x1 C:\Users\CNous\AppData\Local\Temp\cc6wQodd.ltrans0.ltrans.o
 .bss.OutputDev.5392
                0x200004e1        0x1 C:\Users\CNous\AppData\Local\Temp\cc6wQodd.ltrans0.ltrans.o
 *fill*         0x200004e2        0x2 
 .bss.USBH_CfgDesc.5359
                0x200004e4      0x200 C:\Users\CNous\AppData\Local\Temp\cc6wQodd.ltrans0.ltrans.o
 .bss.timeout.8539.8984.5356
                0x200006e4        0x2 C:\Users\CNous\AppData\Local\Temp\cc6wQodd.ltrans0.ltrans.o
 *fill*         0x200006e6        0x2 
 .bss.writepos.6085
                0x200006e8        0x4 C:\Users\CNous\AppData\Local\Temp\cc6wQodd.ltrans0.ltrans.o
                0x200006e8                writepos.6085
 .bss.readpos.6087
                0x200006ec        0x4 C:\Users\CNous\AppData\Local\Temp\cc6wQodd.ltrans0.ltrans.o
                0x200006ec                readpos.6087
 .bss.BSP_delay
                0x200006f0        0x4 C:\Users\CNous\AppData\Local\Temp\cc6wQodd.ltrans0.ltrans.o
                0x200006f0                BSP_delay
 .bss.rateCoeff
                0x200006f4        0x4 C:\Users\CNous\AppData\Local\Temp\cc6wQodd.ltrans0.ltrans.o
                0x200006f4                rateCoeff
 .bss.CurrentPos
                0x200006f8        0x4 C:\Users\CNous\AppData\Local\Temp\cc6wQodd.ltrans0.ltrans.o
                0x200006f8                CurrentPos
 .bss.prev_ep_size.8501.9913.5358
                0x200006fc        0x2 C:\Users\CNous\AppData\Local\Temp\cc6wQodd.ltrans0.ltrans.o
 *fill*         0x200006fe        0x2 
 .bss.shift.6083
                0x20000700        0x4 C:\Users\CNous\AppData\Local\Temp\cc6wQodd.ltrans0.ltrans.o
                0x20000700                shift.6083
 .bss.delayline.6086
                0x20000704    0x1d4c8 C:\Users\CNous\AppData\Local\Temp\cc6wQodd.ltrans0.ltrans.o
                0x20000704                delayline.6086
 .bss.filterFreq
                0x2001dbcc        0x4 C:\Users\CNous\AppData\Local\Temp\cc6wQodd.ltrans0.ltrans.o
                0x2001dbcc                filterFreq
 .bss.USB_Host  0x2001dbd0       0x6c C:\Users\CNous\AppData\Local\Temp\cc6wQodd.ltrans0.ltrans.o
                0x2001dbd0                USB_Host
 .bss.audiobuff
                0x2001dc3c      0xc80 C:\Users\CNous\AppData\Local\Temp\cc6wQodd.ltrans0.ltrans.o
                0x2001dc3c                audiobuff
 .bss.DMA_InitStructure
                0x2001e8bc       0x3c C:\Users\CNous\AppData\Local\Temp\cc6wQodd.ltrans0.ltrans.o
                0x2001e8bc                DMA_InitStructure
 .bss.freeze    0x2001e8f8        0x1 C:\Users\CNous\AppData\Local\Temp\cc6wQodd.ltrans1.ltrans.o
                0x2001e8f8                freeze
 *fill*         0x2001e8f9        0x3 
 .bss.old_dy.6091.4308
                0x2001e8fc        0x4 C:\Users\CNous\AppData\Local\Temp\cc6wQodd.ltrans1.ltrans.o
 .bss.Key_pressed.4861.4782
                0x2001e900        0x1 C:\Users\CNous\AppData\Local\Temp\cc6wQodd.ltrans2.ltrans.o
 .bss.DebouncedKeyPress.4857.4778
                0x2001e901        0x1 C:\Users\CNous\AppData\Local\Temp\cc6wQodd.ltrans2.ltrans.o
 *fill*         0x2001e902        0x2 
 .bss.TimingDelay1.7480.4812
                0x2001e904        0x4 C:\Users\CNous\AppData\Local\Temp\cc6wQodd.ltrans2.ltrans.o
 .bss.TimingDelay.7479.4811
                0x2001e908        0x4 C:\Users\CNous\AppData\Local\Temp\cc6wQodd.ltrans2.ltrans.o
 .bss.Key_changed.4860.4781
                0x2001e90c        0x1 C:\Users\CNous\AppData\Local\Temp\cc6wQodd.ltrans2.ltrans.o
 *fill*         0x2001e90d        0x3 
 .bss.BlueLED_counter
                0x2001e910        0x4 C:\Users\CNous\AppData\Local\Temp\cc6wQodd.ltrans3.ltrans.o
                0x2001e910                BlueLED_counter
 .bss.start_toggle
                0x2001e914        0x1 C:\Users\CNous\AppData\Local\Temp\cc6wQodd.ltrans3.ltrans.o
                0x2001e914                start_toggle
 *fill*         0x2001e915        0x3 
 .bss.MIDI_Machine
                0x2001e918       0x50 C:\Users\CNous\AppData\Local\Temp\cc6wQodd.ltrans3.ltrans.o
                0x2001e918                MIDI_Machine
 .bss.USB_OTG_Core_dev
                0x2001e968      0x5ac C:\Users\CNous\AppData\Local\Temp\cc6wQodd.ltrans7.ltrans.o
                0x2001e968                USB_OTG_Core_dev
 *(COMMON)
 COMMON         0x2001ef14        0x4 C:\Users\CNous\AppData\Local\Temp\cc6wQodd.ltrans2.ltrans.o
                0x2001ef14                __errno
                0x2001ef18                . = ALIGN (0x4)
                0x2001ef18                _ebss = .

.co_stack       0x2001ef18      0x800 load address 0x0803baa4
                0x2001ef18                . = ALIGN (0x8)
 *(.co_stack .co_stack.*)
 .co_stack      0x2001ef18      0x800 C:\Users\CNous\AppData\Local\Temp\cc6wQodd.ltrans7.ltrans.o
                0x2001f718                . = ALIGN (0x4)
                0x2001f718                _end = .
OUTPUT(Dekrispator.elf elf32-littlearm)

.comment        0x00000000       0x70
 .comment       0x00000000       0x70 C:\Users\CNous\AppData\Local\Temp\cc6wQodd.ltrans0.ltrans.o
                                 0x71 (size before relaxing)
 .comment       0x00000000       0x71 C:\Users\CNous\AppData\Local\Temp\cc6wQodd.ltrans1.ltrans.o
 .comment       0x00000000       0x71 C:\Users\CNous\AppData\Local\Temp\cc6wQodd.ltrans2.ltrans.o
 .comment       0x00000000       0x71 C:\Users\CNous\AppData\Local\Temp\cc6wQodd.ltrans3.ltrans.o
 .comment       0x00000000       0x71 C:\Users\CNous\AppData\Local\Temp\cc6wQodd.ltrans4.ltrans.o
 .comment       0x00000000       0x71 C:\Users\CNous\AppData\Local\Temp\cc6wQodd.ltrans5.ltrans.o
 .comment       0x00000000       0x71 C:\Users\CNous\AppData\Local\Temp\cc6wQodd.ltrans6.ltrans.o
 .comment       0x00000000       0x71 C:\Users\CNous\AppData\Local\Temp\cc6wQodd.ltrans7.ltrans.o
 .comment       0x00000000       0x71 C:\Users\CNous\AppData\Local\Temp\cc6wQodd.ltrans8.ltrans.o

.ARM.attributes
                0x00000000       0x37
 .ARM.attributes
                0x00000000       0x37 C:\Users\CNous\AppData\Local\Temp\cc6wQodd.ltrans0.ltrans.o
 .ARM.attributes
                0x00000037       0x37 C:\Users\CNous\AppData\Local\Temp\cc6wQodd.ltrans1.ltrans.o
 .ARM.attributes
                0x0000006e       0x37 C:\Users\CNous\AppData\Local\Temp\cc6wQodd.ltrans2.ltrans.o
 .ARM.attributes
                0x000000a5       0x37 C:\Users\CNous\AppData\Local\Temp\cc6wQodd.ltrans3.ltrans.o
 .ARM.attributes
                0x000000dc       0x37 C:\Users\CNous\AppData\Local\Temp\cc6wQodd.ltrans4.ltrans.o
 .ARM.attributes
                0x00000113       0x37 C:\Users\CNous\AppData\Local\Temp\cc6wQodd.ltrans5.ltrans.o
 .ARM.attributes
                0x0000014a       0x37 C:\Users\CNous\AppData\Local\Temp\cc6wQodd.ltrans6.ltrans.o
 .ARM.attributes
                0x00000181       0x37 C:\Users\CNous\AppData\Local\Temp\cc6wQodd.ltrans7.ltrans.o
 .ARM.attributes
                0x000001b8       0x37 C:\Users\CNous\AppData\Local\Temp\cc6wQodd.ltrans8.ltrans.o
 .ARM.attributes
                0x000001ef       0x34 c:/program files/gnu tools arm embedded/4.8 2013q4/bin/../lib/gcc/arm-none-eabi/4.8.3/../../../../arm-none-eabi/lib/armv7e-m/fpu\libm.a(lib_a-sf_fabs.o)
 .ARM.attributes
                0x00000223       0x34 c:/program files/gnu tools arm embedded/4.8 2013q4/bin/../lib/gcc/arm-none-eabi/4.8.3/../../../../arm-none-eabi/lib/armv7e-m/fpu\libm.a(lib_a-sf_floor.o)
 .ARM.attributes
                0x00000257       0x34 c:/program files/gnu tools arm embedded/4.8 2013q4/bin/../lib/gcc/arm-none-eabi/4.8.3/../../../../arm-none-eabi/lib/armv7e-m/fpu\libm.a(lib_a-sf_lrint.o)
 .ARM.attributes
                0x0000028b       0x34 c:/program files/gnu tools arm embedded/4.8 2013q4/bin/../lib/gcc/arm-none-eabi/4.8.3/../../../../arm-none-eabi/lib/armv7e-m/fpu\libm.a(lib_a-sf_rint.o)
 .ARM.attributes
                0x000002bf       0x34 c:/program files/gnu tools arm embedded/4.8 2013q4/bin/../lib/gcc/arm-none-eabi/4.8.3/../../../../arm-none-eabi/lib/armv7e-m/fpu\libm.a(lib_a-sf_sin.o)
 .ARM.attributes
                0x000002f3       0x34 c:/program files/gnu tools arm embedded/4.8 2013q4/bin/../lib/gcc/arm-none-eabi/4.8.3/../../../../arm-none-eabi/lib/armv7e-m/fpu\libm.a(lib_a-wf_pow.o)
 .ARM.attributes
                0x00000327       0x34 c:/program files/gnu tools arm embedded/4.8 2013q4/bin/../lib/gcc/arm-none-eabi/4.8.3/../../../../arm-none-eabi/lib/armv7e-m/fpu\libm.a(lib_a-ef_pow.o)
 .ARM.attributes
                0x0000035b       0x34 c:/program files/gnu tools arm embedded/4.8 2013q4/bin/../lib/gcc/arm-none-eabi/4.8.3/../../../../arm-none-eabi/lib/armv7e-m/fpu\libm.a(lib_a-ef_rem_pio2.o)
 .ARM.attributes
                0x0000038f       0x34 c:/program files/gnu tools arm embedded/4.8 2013q4/bin/../lib/gcc/arm-none-eabi/4.8.3/../../../../arm-none-eabi/lib/armv7e-m/fpu\libm.a(lib_a-ef_sqrt.o)
 .ARM.attributes
                0x000003c3       0x34 c:/program files/gnu tools arm embedded/4.8 2013q4/bin/../lib/gcc/arm-none-eabi/4.8.3/../../../../arm-none-eabi/lib/armv7e-m/fpu\libm.a(lib_a-kf_cos.o)
 .ARM.attributes
                0x000003f7       0x34 c:/program files/gnu tools arm embedded/4.8 2013q4/bin/../lib/gcc/arm-none-eabi/4.8.3/../../../../arm-none-eabi/lib/armv7e-m/fpu\libm.a(lib_a-kf_rem_pio2.o)
 .ARM.attributes
                0x0000042b       0x34 c:/program files/gnu tools arm embedded/4.8 2013q4/bin/../lib/gcc/arm-none-eabi/4.8.3/../../../../arm-none-eabi/lib/armv7e-m/fpu\libm.a(lib_a-kf_sin.o)
 .ARM.attributes
                0x0000045f       0x34 c:/program files/gnu tools arm embedded/4.8 2013q4/bin/../lib/gcc/arm-none-eabi/4.8.3/../../../../arm-none-eabi/lib/armv7e-m/fpu\libm.a(lib_a-s_lib_ver.o)
 .ARM.attributes
                0x00000493       0x34 c:/program files/gnu tools arm embedded/4.8 2013q4/bin/../lib/gcc/arm-none-eabi/4.8.3/../../../../arm-none-eabi/lib/armv7e-m/fpu\libm.a(lib_a-s_matherr.o)
 .ARM.attributes
                0x000004c7       0x34 c:/program files/gnu tools arm embedded/4.8 2013q4/bin/../lib/gcc/arm-none-eabi/4.8.3/../../../../arm-none-eabi/lib/armv7e-m/fpu\libm.a(lib_a-s_rint.o)
 .ARM.attributes
                0x000004fb       0x34 c:/program files/gnu tools arm embedded/4.8 2013q4/bin/../lib/gcc/arm-none-eabi/4.8.3/../../../../arm-none-eabi/lib/armv7e-m/fpu\libm.a(lib_a-sf_finite.o)
 .ARM.attributes
                0x0000052f       0x34 c:/program files/gnu tools arm embedded/4.8 2013q4/bin/../lib/gcc/arm-none-eabi/4.8.3/../../../../arm-none-eabi/lib/armv7e-m/fpu\libm.a(lib_a-sf_fpclassify.o)
 .ARM.attributes
                0x00000563       0x34 c:/program files/gnu tools arm embedded/4.8 2013q4/bin/../lib/gcc/arm-none-eabi/4.8.3/../../../../arm-none-eabi/lib/armv7e-m/fpu\libm.a(lib_a-sf_nan.o)
 .ARM.attributes
                0x00000597       0x34 c:/program files/gnu tools arm embedded/4.8 2013q4/bin/../lib/gcc/arm-none-eabi/4.8.3/../../../../arm-none-eabi/lib/armv7e-m/fpu\libm.a(lib_a-sf_scalbn.o)
 .ARM.attributes
                0x000005cb       0x34 c:/program files/gnu tools arm embedded/4.8 2013q4/bin/../lib/gcc/arm-none-eabi/4.8.3/../../../../arm-none-eabi/lib/armv7e-m/fpu\libm.a(lib_a-sf_copysign.o)
 .ARM.attributes
                0x000005ff       0x22 c:/program files/gnu tools arm embedded/4.8 2013q4/bin/../lib/gcc/arm-none-eabi/4.8.3/armv7e-m/fpu\libgcc.a(_arm_addsubdf3.o)
 .ARM.attributes
                0x00000621       0x22 c:/program files/gnu tools arm embedded/4.8 2013q4/bin/../lib/gcc/arm-none-eabi/4.8.3/armv7e-m/fpu\libgcc.a(_arm_muldivdf3.o)
 .ARM.attributes
                0x00000643       0x22 c:/program files/gnu tools arm embedded/4.8 2013q4/bin/../lib/gcc/arm-none-eabi/4.8.3/armv7e-m/fpu\libgcc.a(_arm_cmpdf2.o)
 .ARM.attributes
                0x00000665       0x22 c:/program files/gnu tools arm embedded/4.8 2013q4/bin/../lib/gcc/arm-none-eabi/4.8.3/armv7e-m/fpu\libgcc.a(_arm_truncdfsf2.o)
 .ARM.attributes
                0x00000687       0x20 c:/program files/gnu tools arm embedded/4.8 2013q4/bin/../lib/gcc/arm-none-eabi/4.8.3/../../../../arm-none-eabi/lib/armv7e-m/fpu\libc.a(lib_a-memcpy.o)
 .ARM.attributes
                0x000006a7       0x34 c:/program files/gnu tools arm embedded/4.8 2013q4/bin/../lib/gcc/arm-none-eabi/4.8.3/../../../../arm-none-eabi/lib/armv7e-m/fpu\libc.a(lib_a-memset.o)
 .ARM.attributes
                0x000006db       0x34 c:/program files/gnu tools arm embedded/4.8 2013q4/bin/../lib/gcc/arm-none-eabi/4.8.3/../../../../arm-none-eabi/lib/armv7e-m/fpu\libc.a(lib_a-rand.o)
 .ARM.attributes
                0x0000070f       0x34 c:/program files/gnu tools arm embedded/4.8 2013q4/bin/../lib/gcc/arm-none-eabi/4.8.3/../../../../arm-none-eabi/lib/armv7e-m/fpu\libc.a(lib_a-impure.o)

.debug_frame    0x00000000      0x378
 .debug_frame   0x00000000       0x20 c:/program files/gnu tools arm embedded/4.8 2013q4/bin/../lib/gcc/arm-none-eabi/4.8.3/../../../../arm-none-eabi/lib/armv7e-m/fpu\libm.a(lib_a-sf_fabs.o)
 .debug_frame   0x00000020       0x28 c:/program files/gnu tools arm embedded/4.8 2013q4/bin/../lib/gcc/arm-none-eabi/4.8.3/../../../../arm-none-eabi/lib/armv7e-m/fpu\libm.a(lib_a-sf_floor.o)
 .debug_frame   0x00000048       0x28 c:/program files/gnu tools arm embedded/4.8 2013q4/bin/../lib/gcc/arm-none-eabi/4.8.3/../../../../arm-none-eabi/lib/armv7e-m/fpu\libm.a(lib_a-sf_lrint.o)
 .debug_frame   0x00000070       0x28 c:/program files/gnu tools arm embedded/4.8 2013q4/bin/../lib/gcc/arm-none-eabi/4.8.3/../../../../arm-none-eabi/lib/armv7e-m/fpu\libm.a(lib_a-sf_rint.o)
 .debug_frame   0x00000098       0x28 c:/program files/gnu tools arm embedded/4.8 2013q4/bin/../lib/gcc/arm-none-eabi/4.8.3/../../../../arm-none-eabi/lib/armv7e-m/fpu\libm.a(lib_a-sf_sin.o)
 .debug_frame   0x000000c0       0x38 c:/program files/gnu tools arm embedded/4.8 2013q4/bin/../lib/gcc/arm-none-eabi/4.8.3/../../../../arm-none-eabi/lib/armv7e-m/fpu\libm.a(lib_a-wf_pow.o)
 .debug_frame   0x000000f8       0x3c c:/program files/gnu tools arm embedded/4.8 2013q4/bin/../lib/gcc/arm-none-eabi/4.8.3/../../../../arm-none-eabi/lib/armv7e-m/fpu\libm.a(lib_a-ef_pow.o)
 .debug_frame   0x00000134       0x30 c:/program files/gnu tools arm embedded/4.8 2013q4/bin/../lib/gcc/arm-none-eabi/4.8.3/../../../../arm-none-eabi/lib/armv7e-m/fpu\libm.a(lib_a-ef_rem_pio2.o)
 .debug_frame   0x00000164       0x2c c:/program files/gnu tools arm embedded/4.8 2013q4/bin/../lib/gcc/arm-none-eabi/4.8.3/../../../../arm-none-eabi/lib/armv7e-m/fpu\libm.a(lib_a-ef_sqrt.o)
 .debug_frame   0x00000190       0x20 c:/program files/gnu tools arm embedded/4.8 2013q4/bin/../lib/gcc/arm-none-eabi/4.8.3/../../../../arm-none-eabi/lib/armv7e-m/fpu\libm.a(lib_a-kf_cos.o)
 .debug_frame   0x000001b0       0x44 c:/program files/gnu tools arm embedded/4.8 2013q4/bin/../lib/gcc/arm-none-eabi/4.8.3/../../../../arm-none-eabi/lib/armv7e-m/fpu\libm.a(lib_a-kf_rem_pio2.o)
 .debug_frame   0x000001f4       0x20 c:/program files/gnu tools arm embedded/4.8 2013q4/bin/../lib/gcc/arm-none-eabi/4.8.3/../../../../arm-none-eabi/lib/armv7e-m/fpu\libm.a(lib_a-kf_sin.o)
 .debug_frame   0x00000214       0x20 c:/program files/gnu tools arm embedded/4.8 2013q4/bin/../lib/gcc/arm-none-eabi/4.8.3/../../../../arm-none-eabi/lib/armv7e-m/fpu\libm.a(lib_a-s_matherr.o)
 .debug_frame   0x00000234       0x30 c:/program files/gnu tools arm embedded/4.8 2013q4/bin/../lib/gcc/arm-none-eabi/4.8.3/../../../../arm-none-eabi/lib/armv7e-m/fpu\libm.a(lib_a-s_rint.o)
 .debug_frame   0x00000264       0x20 c:/program files/gnu tools arm embedded/4.8 2013q4/bin/../lib/gcc/arm-none-eabi/4.8.3/../../../../arm-none-eabi/lib/armv7e-m/fpu\libm.a(lib_a-sf_finite.o)
 .debug_frame   0x00000284       0x20 c:/program files/gnu tools arm embedded/4.8 2013q4/bin/../lib/gcc/arm-none-eabi/4.8.3/../../../../arm-none-eabi/lib/armv7e-m/fpu\libm.a(lib_a-sf_fpclassify.o)
 .debug_frame   0x000002a4       0x20 c:/program files/gnu tools arm embedded/4.8 2013q4/bin/../lib/gcc/arm-none-eabi/4.8.3/../../../../arm-none-eabi/lib/armv7e-m/fpu\libm.a(lib_a-sf_nan.o)
 .debug_frame   0x000002c4       0x30 c:/program files/gnu tools arm embedded/4.8 2013q4/bin/../lib/gcc/arm-none-eabi/4.8.3/../../../../arm-none-eabi/lib/armv7e-m/fpu\libm.a(lib_a-sf_scalbn.o)
 .debug_frame   0x000002f4       0x20 c:/program files/gnu tools arm embedded/4.8 2013q4/bin/../lib/gcc/arm-none-eabi/4.8.3/../../../../arm-none-eabi/lib/armv7e-m/fpu\libm.a(lib_a-sf_copysign.o)
 .debug_frame   0x00000314       0x2c c:/program files/gnu tools arm embedded/4.8 2013q4/bin/../lib/gcc/arm-none-eabi/4.8.3/../../../../arm-none-eabi/lib/armv7e-m/fpu\libc.a(lib_a-memset.o)
 .debug_frame   0x00000340       0x38 c:/program files/gnu tools arm embedded/4.8 2013q4/bin/../lib/gcc/arm-none-eabi/4.8.3/../../../../arm-none-eabi/lib/armv7e-m/fpu\libc.a(lib_a-rand.o)
